<html>
<body>
<pre>
<h1>µVision Build Log</h1>
<h2>Tool Versions:</h2>
IDE-Version: ¦ÌVision V5.39.0.0
Copyright (C) 2023 ARM Ltd and ARM Germany GmbH. All rights reserved.
License Information: SQW SQW,  , LIC=----
 
Tool Versions:
Toolchain:       MDK-Lite  Version: 5.39.0.0
Toolchain Path:  D:\ruanjian\MDK-ARM\MDK-ARM\ARM\ARMCLANG\Bin
C Compiler:      ArmClang.exe V6.21
Assembler:       Armasm.exe V6.21
Linker/Locator:  ArmLink.exe V6.21
Library Manager: ArmAr.exe V6.21
Hex Converter:   FromElf.exe V6.21
CPU DLL:         SARMCM3.DLL V5.39.0.0
Dialog DLL:      DARMCM1.DLL V1.19.6.0
Target DLL:      STLink\ST-LINKIII-KEIL_SWO.dll V3.2.0.0
Dialog DLL:      TARMCM1.DLL V1.14.6.0
 
<h2>Project:</h2>
D:\code\TH\src\Projects\MDK-ARM\TH.uvprojx
Project File Date:  07/08/2024

<h2>Output:</h2>
*** Using Compiler 'V6.21', folder: 'D:\ruanjian\MDK-ARM\MDK-ARM\ARM\ARMCLANG\Bin'
Rebuild target 'TH'
assembling startup_py32f002bxx.s...
compiling py32f002b_it.c...
compiling system_py32f002b.c...
compiling OLED_Data.c...
compiling py32f002bxx_Start_Kit.c...
compiling py32f002b_hal_msp.c...
compiling py32f002b_hal.c...
compiling py32f002b_hal_gpio.c...
compiling py32f002b_hal_cortex.c...
compiling main.c...
compiling py32f002b_hal_rcc_ex.c...
compiling py32f002b_hal_rcc.c...
compiling py32f002b_hal_spi.c...
compiling OLED.c...
compiling py32f002b_hal_usart.c...
compiling py32f002b_hal_uart.c...
compiling py32f002b_hal_i2c.c...
linking...
Program Size: Code=3980 RO-data=2316 RW-data=12 ZI-data=2152  
"..\..\Output\TH.axf" - 0 Error(s), 0 Warning(s).

<h2>Software Packages used:</h2>

Package Vendor: Puya
                https://www.puyasemi.com/uploadfiles/Puya.PY32F0xx_DFP.1.2.0.pack
                Puya::PY32F0xx_DFP@1.2.0
                Puya PY32F0 Series Device Support

<h2>Collection of Component include folders:</h2>
  D:/ruanjian/MDK-ARM/ARM/Packs/Puya/PY32F0xx_DFP/1.2.0/Drivers/CMSIS/Device/Puya/PY32F0xx/Include

<h2>Collection of Component Files used:</h2>
Build Time Elapsed:  00:00:01
</pre>
</body>
</html>
