Component: Arm Compiler for Embedded 6.21 Tool: armlink [5ec1fa00]

==============================================================================

Section Cross References

    startup_py32f002bxx.o(STACK) refers (Special) to heapauxi.o(.text) for __use_two_region_memory
    startup_py32f002bxx.o(HEAP) refers (Special) to heapauxi.o(.text) for __use_two_region_memory
    startup_py32f002bxx.o(RESET) refers (Special) to heapauxi.o(.text) for __use_two_region_memory
    startup_py32f002bxx.o(RESET) refers to startup_py32f002bxx.o(STACK) for __initial_sp
    startup_py32f002bxx.o(RESET) refers to startup_py32f002bxx.o(.text) for Reset_Handler
    startup_py32f002bxx.o(RESET) refers to py32f002b_it.o(.text.NMI_Handler) for NMI_Handler
    startup_py32f002bxx.o(RESET) refers to py32f002b_it.o(.text.HardFault_Handler) for HardFault_Handler
    startup_py32f002bxx.o(RESET) refers to py32f002b_it.o(.text.SVC_Handler) for SVC_Handler
    startup_py32f002bxx.o(RESET) refers to py32f002b_it.o(.text.PendSV_Handler) for PendSV_Handler
    startup_py32f002bxx.o(RESET) refers to py32f002b_it.o(.text.SysTick_Handler) for SysTick_Handler
    startup_py32f002bxx.o(.text) refers (Special) to heapauxi.o(.text) for __use_two_region_memory
    startup_py32f002bxx.o(.text) refers to system_py32f002b.o(.text.SystemInit) for SystemInit
    startup_py32f002bxx.o(.text) refers to __main.o(!!!main) for __main
    startup_py32f002bxx.o(.text) refers to startup_py32f002bxx.o(HEAP) for Heap_Mem
    startup_py32f002bxx.o(.text) refers to startup_py32f002bxx.o(STACK) for Stack_Mem
    system_py32f002b.o(.text.SystemCoreClockUpdate) refers to aeabi_sdiv.o(.text) for __aeabi_uidiv
    system_py32f002b.o(.text.SystemCoreClockUpdate) refers to system_py32f002b.o(.data.SystemCoreClock) for SystemCoreClock
    system_py32f002b.o(.text.SystemCoreClockUpdate) refers to system_py32f002b.o(.rodata.HSIFreqTable) for HSIFreqTable
    system_py32f002b.o(.text.SystemCoreClockUpdate) refers to system_py32f002b.o(.rodata.AHBPrescTable) for AHBPrescTable
    system_py32f002b.o(.ARM.exidx.text.SystemCoreClockUpdate) refers to system_py32f002b.o(.text.SystemCoreClockUpdate) for [Anonymous Symbol]
    system_py32f002b.o(.text.SystemInit) refers to system_py32f002b.o(.text.DelayTime) for DelayTime
    system_py32f002b.o(.ARM.exidx.text.SystemInit) refers to system_py32f002b.o(.text.SystemInit) for [Anonymous Symbol]
    system_py32f002b.o(.ARM.exidx.text.DelayTime) refers to system_py32f002b.o(.text.DelayTime) for [Anonymous Symbol]
    py32f002b_it.o(.ARM.exidx.text.NMI_Handler) refers to py32f002b_it.o(.text.NMI_Handler) for [Anonymous Symbol]
    py32f002b_it.o(.ARM.exidx.text.HardFault_Handler) refers to py32f002b_it.o(.text.HardFault_Handler) for [Anonymous Symbol]
    py32f002b_it.o(.ARM.exidx.text.SVC_Handler) refers to py32f002b_it.o(.text.SVC_Handler) for [Anonymous Symbol]
    py32f002b_it.o(.ARM.exidx.text.PendSV_Handler) refers to py32f002b_it.o(.text.PendSV_Handler) for [Anonymous Symbol]
    py32f002b_it.o(.text.SysTick_Handler) refers to py32f002b_hal.o(.text.HAL_IncTick) for HAL_IncTick
    py32f002b_it.o(.ARM.exidx.text.SysTick_Handler) refers to py32f002b_it.o(.text.SysTick_Handler) for [Anonymous Symbol]
    py32f002b_hal_msp.o(.ARM.exidx.text.HAL_MspInit) refers to py32f002b_hal_msp.o(.text.HAL_MspInit) for [Anonymous Symbol]
    main.o(.text.main) refers to py32f002b_hal.o(.text.HAL_Init) for HAL_Init
    main.o(.text.main) refers to oled.o(.text.OLED_Init) for OLED_Init
    main.o(.text.main) refers to oled.o(.text.OLED_Clear) for OLED_Clear
    main.o(.text.main) refers to oled.o(.text.OLED_ShowNum) for OLED_ShowNum
    main.o(.text.main) refers to oled.o(.text.OLED_Update) for OLED_Update
    main.o(.ARM.exidx.text.main) refers to main.o(.text.main) for [Anonymous Symbol]
    py32f002bxx_start_kit.o(.ARM.exidx.text.BSP_GetVersion) refers to py32f002bxx_start_kit.o(.text.BSP_GetVersion) for [Anonymous Symbol]
    py32f002bxx_start_kit.o(.text.BSP_LED_Init) refers to py32f002b_hal_gpio.o(.text.HAL_GPIO_Init) for HAL_GPIO_Init
    py32f002bxx_start_kit.o(.text.BSP_LED_Init) refers to py32f002b_hal_gpio.o(.text.HAL_GPIO_WritePin) for HAL_GPIO_WritePin
    py32f002bxx_start_kit.o(.text.BSP_LED_Init) refers to py32f002bxx_start_kit.o(.rodata.LED_PIN) for LED_PIN
    py32f002bxx_start_kit.o(.text.BSP_LED_Init) refers to py32f002bxx_start_kit.o(.data.LED_PORT) for LED_PORT
    py32f002bxx_start_kit.o(.ARM.exidx.text.BSP_LED_Init) refers to py32f002bxx_start_kit.o(.text.BSP_LED_Init) for [Anonymous Symbol]
    py32f002bxx_start_kit.o(.text.BSP_LED_DeInit) refers to py32f002b_hal_gpio.o(.text.HAL_GPIO_WritePin) for HAL_GPIO_WritePin
    py32f002bxx_start_kit.o(.text.BSP_LED_DeInit) refers to py32f002b_hal_gpio.o(.text.HAL_GPIO_DeInit) for HAL_GPIO_DeInit
    py32f002bxx_start_kit.o(.text.BSP_LED_DeInit) refers to py32f002bxx_start_kit.o(.data.LED_PORT) for LED_PORT
[...]
    Removing py32f002b_hal_i2c.o(.text.I2C_ITError), (340 bytes).
    Removing py32f002b_hal_i2c.o(.ARM.exidx.text.I2C_ITError), (8 bytes).
    Removing py32f002b_hal_i2c.o(.text.HAL_I2C_EV_IRQHandler), (830 bytes).
    Removing py32f002b_hal_i2c.o(.ARM.exidx.text.HAL_I2C_EV_IRQHandler), (8 bytes).
    Removing py32f002b_hal_i2c.o(.text.I2C_ConvertOtherXferOptions), (56 bytes).
    Removing py32f002b_hal_i2c.o(.ARM.exidx.text.I2C_ConvertOtherXferOptions), (8 bytes).
    Removing py32f002b_hal_i2c.o(.text.I2C_Master_SB), (114 bytes).
    Removing py32f002b_hal_i2c.o(.ARM.exidx.text.I2C_Master_SB), (8 bytes).
    Removing py32f002b_hal_i2c.o(.text.I2C_Master_ADD10), (20 bytes).
    Removing py32f002b_hal_i2c.o(.ARM.exidx.text.I2C_Master_ADD10), (8 bytes).
    Removing py32f002b_hal_i2c.o(.text.I2C_Master_ADDR), (616 bytes).
    Removing py32f002b_hal_i2c.o(.ARM.exidx.text.I2C_Master_ADDR), (8 bytes).
    Removing py32f002b_hal_i2c.o(.text.I2C_MasterTransmit_TXE), (516 bytes).
    Removing py32f002b_hal_i2c.o(.ARM.exidx.text.I2C_MasterTransmit_TXE), (8 bytes).
    Removing py32f002b_hal_i2c.o(.text.I2C_MasterTransmit_BTF), (232 bytes).
    Removing py32f002b_hal_i2c.o(.ARM.exidx.text.I2C_MasterTransmit_BTF), (8 bytes).
    Removing py32f002b_hal_i2c.o(.text.I2C_MasterReceive_RXNE), (244 bytes).
    Removing py32f002b_hal_i2c.o(.ARM.exidx.text.I2C_MasterReceive_RXNE), (8 bytes).
    Removing py32f002b_hal_i2c.o(.text.I2C_MasterReceive_BTF), (428 bytes).
    Removing py32f002b_hal_i2c.o(.ARM.exidx.text.I2C_MasterReceive_BTF), (8 bytes).
    Removing py32f002b_hal_i2c.o(.text.I2C_Slave_ADDR), (128 bytes).
    Removing py32f002b_hal_i2c.o(.ARM.exidx.text.I2C_Slave_ADDR), (8 bytes).
    Removing py32f002b_hal_i2c.o(.text.I2C_Slave_STOPF), (464 bytes).
    Removing py32f002b_hal_i2c.o(.ARM.exidx.text.I2C_Slave_STOPF), (8 bytes).
    Removing py32f002b_hal_i2c.o(.text.I2C_SlaveTransmit_TXE), (114 bytes).
    Removing py32f002b_hal_i2c.o(.ARM.exidx.text.I2C_SlaveTransmit_TXE), (8 bytes).
    Removing py32f002b_hal_i2c.o(.text.I2C_SlaveTransmit_BTF), (46 bytes).
    Removing py32f002b_hal_i2c.o(.ARM.exidx.text.I2C_SlaveTransmit_BTF), (8 bytes).
    Removing py32f002b_hal_i2c.o(.text.I2C_SlaveReceive_RXNE), (116 bytes).
    Removing py32f002b_hal_i2c.o(.ARM.exidx.text.I2C_SlaveReceive_RXNE), (8 bytes).
    Removing py32f002b_hal_i2c.o(.text.I2C_SlaveReceive_BTF), (48 bytes).
    Removing py32f002b_hal_i2c.o(.ARM.exidx.text.I2C_SlaveReceive_BTF), (8 bytes).
    Removing py32f002b_hal_i2c.o(.text.HAL_I2C_ER_IRQHandler), (388 bytes).
    Removing py32f002b_hal_i2c.o(.ARM.exidx.text.HAL_I2C_ER_IRQHandler), (8 bytes).
    Removing py32f002b_hal_i2c.o(.text.I2C_Slave_AF), (216 bytes).
    Removing py32f002b_hal_i2c.o(.ARM.exidx.text.I2C_Slave_AF), (8 bytes).
    Removing py32f002b_hal_i2c.o(.text.HAL_I2C_MasterTxCpltCallback), (8 bytes).
    Removing py32f002b_hal_i2c.o(.ARM.exidx.text.HAL_I2C_MasterTxCpltCallback), (8 bytes).
    Removing py32f002b_hal_i2c.o(.text.HAL_I2C_MasterRxCpltCallback), (8 bytes).
    Removing py32f002b_hal_i2c.o(.ARM.exidx.text.HAL_I2C_MasterRxCpltCallback), (8 bytes).
    Removing py32f002b_hal_i2c.o(.text.HAL_I2C_SlaveTxCpltCallback), (8 bytes).
    Removing py32f002b_hal_i2c.o(.ARM.exidx.text.HAL_I2C_SlaveTxCpltCallback), (8 bytes).
    Removing py32f002b_hal_i2c.o(.text.HAL_I2C_SlaveRxCpltCallback), (8 bytes).
    Removing py32f002b_hal_i2c.o(.ARM.exidx.text.HAL_I2C_SlaveRxCpltCallback), (8 bytes).
    Removing py32f002b_hal_i2c.o(.text.HAL_I2C_AddrCallback), (16 bytes).
    Removing py32f002b_hal_i2c.o(.ARM.exidx.text.HAL_I2C_AddrCallback), (8 bytes).
    Removing py32f002b_hal_i2c.o(.text.HAL_I2C_ListenCpltCallback), (8 bytes).
    Removing py32f002b_hal_i2c.o(.ARM.exidx.text.HAL_I2C_ListenCpltCallback), (8 bytes).
    Removing py32f002b_hal_i2c.o(.text.HAL_I2C_MemTxCpltCallback), (8 bytes).
    Removing py32f002b_hal_i2c.o(.ARM.exidx.text.HAL_I2C_MemTxCpltCallback), (8 bytes).
    Removing py32f002b_hal_i2c.o(.text.HAL_I2C_MemRxCpltCallback), (8 bytes).
    Removing py32f002b_hal_i2c.o(.ARM.exidx.text.HAL_I2C_MemRxCpltCallback), (8 bytes).
    Removing py32f002b_hal_i2c.o(.text.HAL_I2C_ErrorCallback), (8 bytes).
    Removing py32f002b_hal_i2c.o(.ARM.exidx.text.HAL_I2C_ErrorCallback), (8 bytes).
    Removing py32f002b_hal_i2c.o(.text.HAL_I2C_AbortCpltCallback), (8 bytes).
    Removing py32f002b_hal_i2c.o(.ARM.exidx.text.HAL_I2C_AbortCpltCallback), (8 bytes).
    Removing py32f002b_hal_i2c.o(.text.HAL_I2C_GetState), (14 bytes).
    Removing py32f002b_hal_i2c.o(.ARM.exidx.text.HAL_I2C_GetState), (8 bytes).
    Removing py32f002b_hal_i2c.o(.text.HAL_I2C_GetMode), (14 bytes).
    Removing py32f002b_hal_i2c.o(.ARM.exidx.text.HAL_I2C_GetMode), (8 bytes).
    Removing py32f002b_hal_i2c.o(.text.HAL_I2C_GetError), (12 bytes).
    Removing py32f002b_hal_i2c.o(.ARM.exidx.text.HAL_I2C_GetError), (8 bytes).
    Removing py32f002b_hal_i2c.o(.text.I2C_WaitOnMasterAddressFlagUntilTimeout), (276 bytes).
    Removing py32f002b_hal_i2c.o(.ARM.exidx.text.I2C_WaitOnMasterAddressFlagUntilTimeout), (8 bytes).
    Removing py32f002b_hal_i2c.o(.text.I2C_IsAcknowledgeFailed), (104 bytes).
    Removing py32f002b_hal_i2c.o(.ARM.exidx.text.I2C_IsAcknowledgeFailed), (8 bytes).
    Removing py32f002b_hal_rcc.o(.text), (0 bytes).
    Removing py32f002b_hal_rcc.o(.text.HAL_RCC_DeInit), (228 bytes).
    Removing py32f002b_hal_rcc.o(.ARM.exidx.text.HAL_RCC_DeInit), (8 bytes).
    Removing py32f002b_hal_rcc.o(.text.HAL_RCC_OscConfig), (1164 bytes).
    Removing py32f002b_hal_rcc.o(.ARM.exidx.text.HAL_RCC_OscConfig), (8 bytes).
    Removing py32f002b_hal_rcc.o(.text.HAL_RCC_GetSysClockFreq), (260 bytes).
    Removing py32f002b_hal_rcc.o(.ARM.exidx.text.HAL_RCC_GetSysClockFreq), (8 bytes).
    Removing py32f002b_hal_rcc.o(.text.HAL_RCC_ClockConfig), (572 bytes).
    Removing py32f002b_hal_rcc.o(.ARM.exidx.text.HAL_RCC_ClockConfig), (8 bytes).
    Removing py32f002b_hal_rcc.o(.text.HAL_RCC_MCOConfig), (160 bytes).
    Removing py32f002b_hal_rcc.o(.ARM.exidx.text.HAL_RCC_MCOConfig), (8 bytes).
    Removing py32f002b_hal_rcc.o(.text.HAL_RCC_GetHCLKFreq), (12 bytes).
    Removing py32f002b_hal_rcc.o(.ARM.exidx.text.HAL_RCC_GetHCLKFreq), (8 bytes).
    Removing py32f002b_hal_rcc.o(.text.HAL_RCC_GetPCLK1Freq), (40 bytes).
    Removing py32f002b_hal_rcc.o(.ARM.exidx.text.HAL_RCC_GetPCLK1Freq), (8 bytes).
    Removing py32f002b_hal_rcc.o(.text.HAL_RCC_GetOscConfig), (228 bytes).
    Removing py32f002b_hal_rcc.o(.ARM.exidx.text.HAL_RCC_GetOscConfig), (8 bytes).
    Removing py32f002b_hal_rcc.o(.text.HAL_RCC_GetClockConfig), (68 bytes).
    Removing py32f002b_hal_rcc.o(.ARM.exidx.text.HAL_RCC_GetClockConfig), (8 bytes).
    Removing py32f002b_hal_rcc.o(.text.HAL_RCC_EnableLSECSS), (16 bytes).
    Removing py32f002b_hal_rcc.o(.ARM.exidx.text.HAL_RCC_EnableLSECSS), (8 bytes).
    Removing py32f002b_hal_rcc.o(.text.HAL_RCC_DisableLSECSS), (16 bytes).
    Removing py32f002b_hal_rcc.o(.ARM.exidx.text.HAL_RCC_DisableLSECSS), (8 bytes).
    Removing py32f002b_hal_rcc.o(.text.HAL_RCC_NMI_IRQHandler), (52 bytes).
    Removing py32f002b_hal_rcc.o(.ARM.exidx.text.HAL_RCC_NMI_IRQHandler), (8 bytes).
    Removing py32f002b_hal_rcc.o(.text.HAL_RCC_LSECSSCallback), (2 bytes).
    Removing py32f002b_hal_rcc.o(.ARM.exidx.text.HAL_RCC_LSECSSCallback), (8 bytes).
    Removing py32f002b_hal_rcc.o(.text.HAL_RCC_CSSCallback), (2 bytes).
    Removing py32f002b_hal_rcc.o(.ARM.exidx.text.HAL_RCC_CSSCallback), (8 bytes).
    Removing py32f002b_hal_rcc.o(.rodata.cst32), (32 bytes).
    Removing py32f002b_hal_rcc_ex.o(.text), (0 bytes).
    Removing py32f002b_hal_rcc_ex.o(.text.HAL_RCCEx_PeriphCLKConfig), (208 bytes).
    Removing py32f002b_hal_rcc_ex.o(.ARM.exidx.text.HAL_RCCEx_PeriphCLKConfig), (8 bytes).
    Removing py32f002b_hal_rcc_ex.o(.text.HAL_RCCEx_GetPeriphCLKConfig), (60 bytes).
    Removing py32f002b_hal_rcc_ex.o(.ARM.exidx.text.HAL_RCCEx_GetPeriphCLKConfig), (8 bytes).
    Removing py32f002b_hal_rcc_ex.o(.text.HAL_RCCEx_GetPeriphCLKFreq), (676 bytes).
    Removing py32f002b_hal_rcc_ex.o(.ARM.exidx.text.HAL_RCCEx_GetPeriphCLKFreq), (8 bytes).
    Removing py32f002b_hal_rcc_ex.o(.text.HAL_RCCEx_EnableLSCO), (36 bytes).
    Removing py32f002b_hal_rcc_ex.o(.ARM.exidx.text.HAL_RCCEx_EnableLSCO), (8 bytes).
    Removing py32f002b_hal_rcc_ex.o(.text.HAL_RCCEx_DisableLSCO), (20 bytes).
    Removing py32f002b_hal_rcc_ex.o(.ARM.exidx.text.HAL_RCCEx_DisableLSCO), (8 bytes).
    Removing py32f002b_hal_spi.o(.text), (0 bytes).
    Removing py32f002b_hal_spi.o(.text.HAL_SPI_Init), (202 bytes).
    Removing py32f002b_hal_spi.o(.ARM.exidx.text.HAL_SPI_Init), (8 bytes).
    Removing py32f002b_hal_spi.o(.text.HAL_SPI_MspInit), (8 bytes).
    Removing py32f002b_hal_spi.o(.ARM.exidx.text.HAL_SPI_MspInit), (8 bytes).
    Removing py32f002b_hal_spi.o(.text.HAL_SPI_DeInit), (90 bytes).
    Removing py32f002b_hal_spi.o(.ARM.exidx.text.HAL_SPI_DeInit), (8 bytes).
    Removing py32f002b_hal_spi.o(.text.HAL_SPI_MspDeInit), (8 bytes).
    Removing py32f002b_hal_spi.o(.ARM.exidx.text.HAL_SPI_MspDeInit), (8 bytes).
    Removing py32f002b_hal_spi.o(.text.HAL_SPI_Transmit), (672 bytes).
    Removing py32f002b_hal_spi.o(.ARM.exidx.text.HAL_SPI_Transmit), (8 bytes).
    Removing py32f002b_hal_spi.o(.text.SPI_EndRxTxTransaction), (150 bytes).
    Removing py32f002b_hal_spi.o(.ARM.exidx.text.SPI_EndRxTxTransaction), (8 bytes).
    Removing py32f002b_hal_spi.o(.text.HAL_SPI_Receive), (588 bytes).
    Removing py32f002b_hal_spi.o(.ARM.exidx.text.HAL_SPI_Receive), (8 bytes).
    Removing py32f002b_hal_spi.o(.text.HAL_SPI_TransmitReceive), (856 bytes).
    Removing py32f002b_hal_spi.o(.ARM.exidx.text.HAL_SPI_TransmitReceive), (8 bytes).
    Removing py32f002b_hal_spi.o(.text.SPI_EndRxTransaction), (208 bytes).
    Removing py32f002b_hal_spi.o(.ARM.exidx.text.SPI_EndRxTransaction), (8 bytes).
    Removing py32f002b_hal_spi.o(.text.HAL_SPI_Transmit_IT), (300 bytes).
    Removing py32f002b_hal_spi.o(.ARM.exidx.text.HAL_SPI_Transmit_IT), (8 bytes).
    Removing py32f002b_hal_spi.o(.text.SPI_TxISR_16BIT), (54 bytes).
    Removing py32f002b_hal_spi.o(.ARM.exidx.text.SPI_TxISR_16BIT), (8 bytes).
    Removing py32f002b_hal_spi.o(.text.SPI_TxISR_8BIT), (54 bytes).
    Removing py32f002b_hal_spi.o(.ARM.exidx.text.SPI_TxISR_8BIT), (8 bytes).
    Removing py32f002b_hal_spi.o(.text.HAL_SPI_Receive_IT), (352 bytes).
    Removing py32f002b_hal_spi.o(.ARM.exidx.text.HAL_SPI_Receive_IT), (8 bytes).
    Removing py32f002b_hal_spi.o(.text.HAL_SPI_TransmitReceive_IT), (348 bytes).
    Removing py32f002b_hal_spi.o(.ARM.exidx.text.HAL_SPI_TransmitReceive_IT), (8 bytes).
    Removing py32f002b_hal_spi.o(.text.SPI_RxISR_16BIT), (56 bytes).
    Removing py32f002b_hal_spi.o(.ARM.exidx.text.SPI_RxISR_16BIT), (8 bytes).
    Removing py32f002b_hal_spi.o(.text.SPI_RxISR_8BIT), (56 bytes).
    Removing py32f002b_hal_spi.o(.ARM.exidx.text.SPI_RxISR_8BIT), (8 bytes).
    Removing py32f002b_hal_spi.o(.text.SPI_2linesRxISR_16BIT), (80 bytes).
    Removing py32f002b_hal_spi.o(.ARM.exidx.text.SPI_2linesRxISR_16BIT), (8 bytes).
    Removing py32f002b_hal_spi.o(.text.SPI_2linesTxISR_16BIT), (78 bytes).
    Removing py32f002b_hal_spi.o(.ARM.exidx.text.SPI_2linesTxISR_16BIT), (8 bytes).
    Removing py32f002b_hal_spi.o(.text.SPI_2linesRxISR_8BIT), (80 bytes).
    Removing py32f002b_hal_spi.o(.ARM.exidx.text.SPI_2linesRxISR_8BIT), (8 bytes).
    Removing py32f002b_hal_spi.o(.text.SPI_2linesTxISR_8BIT), (78 bytes).
    Removing py32f002b_hal_spi.o(.ARM.exidx.text.SPI_2linesTxISR_8BIT), (8 bytes).
    Removing py32f002b_hal_spi.o(.text.HAL_SPI_Abort), (300 bytes).
    Removing py32f002b_hal_spi.o(.ARM.exidx.text.HAL_SPI_Abort), (8 bytes).
    Removing py32f002b_hal_spi.o(.text.SPI_AbortTx_ISR), (340 bytes).
    Removing py32f002b_hal_spi.o(.ARM.exidx.text.SPI_AbortTx_ISR), (8 bytes).
    Removing py32f002b_hal_spi.o(.text.SPI_AbortRx_ISR), (200 bytes).
    Removing py32f002b_hal_spi.o(.ARM.exidx.text.SPI_AbortRx_ISR), (8 bytes).
    Removing py32f002b_hal_spi.o(.text.HAL_SPI_Abort_IT), (320 bytes).
    Removing py32f002b_hal_spi.o(.ARM.exidx.text.HAL_SPI_Abort_IT), (8 bytes).
    Removing py32f002b_hal_spi.o(.text.HAL_SPI_AbortCpltCallback), (8 bytes).
    Removing py32f002b_hal_spi.o(.ARM.exidx.text.HAL_SPI_AbortCpltCallback), (8 bytes).
    Removing py32f002b_hal_spi.o(.text.HAL_SPI_IRQHandler), (354 bytes).
    Removing py32f002b_hal_spi.o(.ARM.exidx.text.HAL_SPI_IRQHandler), (8 bytes).
    Removing py32f002b_hal_spi.o(.text.HAL_SPI_ErrorCallback), (8 bytes).
    Removing py32f002b_hal_spi.o(.ARM.exidx.text.HAL_SPI_ErrorCallback), (8 bytes).
    Removing py32f002b_hal_spi.o(.text.HAL_SPI_TxCpltCallback), (8 bytes).
    Removing py32f002b_hal_spi.o(.ARM.exidx.text.HAL_SPI_TxCpltCallback), (8 bytes).
    Removing py32f002b_hal_spi.o(.text.HAL_SPI_RxCpltCallback), (8 bytes).
    Removing py32f002b_hal_spi.o(.ARM.exidx.text.HAL_SPI_RxCpltCallback), (8 bytes).
    Removing py32f002b_hal_spi.o(.text.HAL_SPI_TxRxCpltCallback), (8 bytes).
    Removing py32f002b_hal_spi.o(.ARM.exidx.text.HAL_SPI_TxRxCpltCallback), (8 bytes).
    Removing py32f002b_hal_spi.o(.text.HAL_SPI_TxHalfCpltCallback), (8 bytes).
    Removing py32f002b_hal_spi.o(.ARM.exidx.text.HAL_SPI_TxHalfCpltCallback), (8 bytes).
    Removing py32f002b_hal_spi.o(.text.HAL_SPI_RxHalfCpltCallback), (8 bytes).
    Removing py32f002b_hal_spi.o(.ARM.exidx.text.HAL_SPI_RxHalfCpltCallback), (8 bytes).
    Removing py32f002b_hal_spi.o(.text.HAL_SPI_TxRxHalfCpltCallback), (8 bytes).
    Removing py32f002b_hal_spi.o(.ARM.exidx.text.HAL_SPI_TxRxHalfCpltCallback), (8 bytes).
    Removing py32f002b_hal_spi.o(.text.HAL_SPI_GetState), (14 bytes).
    Removing py32f002b_hal_spi.o(.ARM.exidx.text.HAL_SPI_GetState), (8 bytes).
    Removing py32f002b_hal_spi.o(.text.HAL_SPI_GetError), (12 bytes).
    Removing py32f002b_hal_spi.o(.ARM.exidx.text.HAL_SPI_GetError), (8 bytes).
    Removing py32f002b_hal_spi.o(.text.SPI_CloseRxTx_ISR), (128 bytes).
    Removing py32f002b_hal_spi.o(.ARM.exidx.text.SPI_CloseRxTx_ISR), (8 bytes).
    Removing py32f002b_hal_spi.o(.text.SPI_CloseRx_ISR), (92 bytes).
    Removing py32f002b_hal_spi.o(.ARM.exidx.text.SPI_CloseRx_ISR), (8 bytes).
    Removing py32f002b_hal_spi.o(.text.SPI_CloseTx_ISR), (128 bytes).
    Removing py32f002b_hal_spi.o(.ARM.exidx.text.SPI_CloseTx_ISR), (8 bytes).
    Removing py32f002b_hal_spi.o(.text.SPI_WaitFlagStateUntilTimeout), (260 bytes).
    Removing py32f002b_hal_spi.o(.ARM.exidx.text.SPI_WaitFlagStateUntilTimeout), (8 bytes).
    Removing py32f002b_hal_spi.o(.text.SPI_WaitFifoStateUntilTimeout), (296 bytes).
    Removing py32f002b_hal_spi.o(.ARM.exidx.text.SPI_WaitFifoStateUntilTimeout), (8 bytes).
    Removing py32f002b_hal_uart.o(.text), (0 bytes).
    Removing py32f002b_hal_uart.o(.text.HAL_UART_Init), (182 bytes).
    Removing py32f002b_hal_uart.o(.ARM.exidx.text.HAL_UART_Init), (8 bytes).
    Removing py32f002b_hal_uart.o(.text.HAL_UART_MspInit), (8 bytes).
    Removing py32f002b_hal_uart.o(.ARM.exidx.text.HAL_UART_MspInit), (8 bytes).
    Removing py32f002b_hal_uart.o(.text.UART_SetConfig), (300 bytes).
    Removing py32f002b_hal_uart.o(.ARM.exidx.text.UART_SetConfig), (8 bytes).
    Removing py32f002b_hal_uart.o(.text.UART_AdvFeatureConfig), (80 bytes).
    Removing py32f002b_hal_uart.o(.ARM.exidx.text.UART_AdvFeatureConfig), (8 bytes).
    Removing py32f002b_hal_uart.o(.text.HAL_HalfDuplex_Init), (152 bytes).
    Removing py32f002b_hal_uart.o(.ARM.exidx.text.HAL_HalfDuplex_Init), (8 bytes).
    Removing py32f002b_hal_uart.o(.text.HAL_MultiProcessor_Init), (212 bytes).
    Removing py32f002b_hal_uart.o(.ARM.exidx.text.HAL_MultiProcessor_Init), (8 bytes).
    Removing py32f002b_hal_uart.o(.text.HAL_UART_DeInit), (98 bytes).
    Removing py32f002b_hal_uart.o(.ARM.exidx.text.HAL_UART_DeInit), (8 bytes).
    Removing py32f002b_hal_uart.o(.text.HAL_UART_MspDeInit), (8 bytes).
    Removing py32f002b_hal_uart.o(.ARM.exidx.text.HAL_UART_MspDeInit), (8 bytes).
    Removing py32f002b_hal_uart.o(.text.HAL_UART_Transmit), (392 bytes).
    Removing py32f002b_hal_uart.o(.ARM.exidx.text.HAL_UART_Transmit), (8 bytes).
    Removing py32f002b_hal_uart.o(.text.UART_WaitOnFlagUntilTimeout), (158 bytes).
    Removing py32f002b_hal_uart.o(.ARM.exidx.text.UART_WaitOnFlagUntilTimeout), (8 bytes).
    Removing py32f002b_hal_uart.o(.text.HAL_UART_Receive), (360 bytes).
    Removing py32f002b_hal_uart.o(.ARM.exidx.text.HAL_UART_Receive), (8 bytes).
    Removing py32f002b_hal_uart.o(.text.HAL_UART_Transmit_IT), (162 bytes).
    Removing py32f002b_hal_uart.o(.ARM.exidx.text.HAL_UART_Transmit_IT), (8 bytes).
    Removing py32f002b_hal_uart.o(.text.HAL_UART_Receive_IT), (186 bytes).
    Removing py32f002b_hal_uart.o(.ARM.exidx.text.HAL_UART_Receive_IT), (8 bytes).
    Removing py32f002b_hal_uart.o(.text.HAL_UART_Abort), (62 bytes).
    Removing py32f002b_hal_uart.o(.ARM.exidx.text.HAL_UART_Abort), (8 bytes).
    Removing py32f002b_hal_uart.o(.text.HAL_UART_AbortTransmit), (34 bytes).
    Removing py32f002b_hal_uart.o(.ARM.exidx.text.HAL_UART_AbortTransmit), (8 bytes).
    Removing py32f002b_hal_uart.o(.text.HAL_UART_AbortReceive), (48 bytes).
    Removing py32f002b_hal_uart.o(.ARM.exidx.text.HAL_UART_AbortReceive), (8 bytes).
    Removing py32f002b_hal_uart.o(.text.HAL_UART_Abort_IT), (84 bytes).
    Removing py32f002b_hal_uart.o(.ARM.exidx.text.HAL_UART_Abort_IT), (8 bytes).
    Removing py32f002b_hal_uart.o(.text.HAL_UART_AbortCpltCallback), (8 bytes).
    Removing py32f002b_hal_uart.o(.ARM.exidx.text.HAL_UART_AbortCpltCallback), (8 bytes).
    Removing py32f002b_hal_uart.o(.text.HAL_UART_AbortTransmit_IT), (46 bytes).
    Removing py32f002b_hal_uart.o(.ARM.exidx.text.HAL_UART_AbortTransmit_IT), (8 bytes).
    Removing py32f002b_hal_uart.o(.text.HAL_UART_AbortTransmitCpltCallback), (8 bytes).
    Removing py32f002b_hal_uart.o(.ARM.exidx.text.HAL_UART_AbortTransmitCpltCallback), (8 bytes).
    Removing py32f002b_hal_uart.o(.text.HAL_UART_AbortReceive_IT), (60 bytes).
    Removing py32f002b_hal_uart.o(.ARM.exidx.text.HAL_UART_AbortReceive_IT), (8 bytes).
    Removing py32f002b_hal_uart.o(.text.HAL_UART_AbortReceiveCpltCallback), (8 bytes).
    Removing py32f002b_hal_uart.o(.ARM.exidx.text.HAL_UART_AbortReceiveCpltCallback), (8 bytes).
    Removing py32f002b_hal_uart.o(.text.HAL_UART_IRQHandler), (474 bytes).
    Removing py32f002b_hal_uart.o(.ARM.exidx.text.HAL_UART_IRQHandler), (8 bytes).
    Removing py32f002b_hal_uart.o(.text.UART_Receive_IT), (192 bytes).
    Removing py32f002b_hal_uart.o(.ARM.exidx.text.UART_Receive_IT), (8 bytes).
    Removing py32f002b_hal_uart.o(.text.UART_EndRxTransfer), (42 bytes).
    Removing py32f002b_hal_uart.o(.ARM.exidx.text.UART_EndRxTransfer), (8 bytes).
    Removing py32f002b_hal_uart.o(.text.HAL_UART_ErrorCallback), (8 bytes).
    Removing py32f002b_hal_uart.o(.ARM.exidx.text.HAL_UART_ErrorCallback), (8 bytes).
    Removing py32f002b_hal_uart.o(.text.HAL_UART_IdleFrameDetectCpltCallback), (8 bytes).
    Removing py32f002b_hal_uart.o(.ARM.exidx.text.HAL_UART_IdleFrameDetectCpltCallback), (8 bytes).
    Removing py32f002b_hal_uart.o(.text.UART_Transmit_IT), (168 bytes).
    Removing py32f002b_hal_uart.o(.ARM.exidx.text.UART_Transmit_IT), (8 bytes).
    Removing py32f002b_hal_uart.o(.text.UART_EndTransmit_IT), (38 bytes).
    Removing py32f002b_hal_uart.o(.ARM.exidx.text.UART_EndTransmit_IT), (8 bytes).
    Removing py32f002b_hal_uart.o(.text.HAL_UART_TxCpltCallback), (8 bytes).
    Removing py32f002b_hal_uart.o(.ARM.exidx.text.HAL_UART_TxCpltCallback), (8 bytes).
    Removing py32f002b_hal_uart.o(.text.HAL_UART_TxHalfCpltCallback), (8 bytes).
    Removing py32f002b_hal_uart.o(.ARM.exidx.text.HAL_UART_TxHalfCpltCallback), (8 bytes).
    Removing py32f002b_hal_uart.o(.text.HAL_UART_RxCpltCallback), (8 bytes).
    Removing py32f002b_hal_uart.o(.ARM.exidx.text.HAL_UART_RxCpltCallback), (8 bytes).
    Removing py32f002b_hal_uart.o(.text.HAL_UART_RxHalfCpltCallback), (8 bytes).
    Removing py32f002b_hal_uart.o(.ARM.exidx.text.HAL_UART_RxHalfCpltCallback), (8 bytes).
    Removing py32f002b_hal_uart.o(.text.HAL_MultiProcessor_EnterMuteMode), (92 bytes).
    Removing py32f002b_hal_uart.o(.ARM.exidx.text.HAL_MultiProcessor_EnterMuteMode), (8 bytes).
    Removing py32f002b_hal_uart.o(.text.HAL_MultiProcessor_ExitMuteMode), (92 bytes).
    Removing py32f002b_hal_uart.o(.ARM.exidx.text.HAL_MultiProcessor_ExitMuteMode), (8 bytes).
    Removing py32f002b_hal_uart.o(.text.HAL_HalfDuplex_EnableTransmitter), (116 bytes).
    Removing py32f002b_hal_uart.o(.ARM.exidx.text.HAL_HalfDuplex_EnableTransmitter), (8 bytes).
    Removing py32f002b_hal_uart.o(.text.HAL_HalfDuplex_EnableReceiver), (116 bytes).
    Removing py32f002b_hal_uart.o(.ARM.exidx.text.HAL_HalfDuplex_EnableReceiver), (8 bytes).
    Removing py32f002b_hal_uart.o(.text.HAL_UART_GetState), (40 bytes).
    Removing py32f002b_hal_uart.o(.ARM.exidx.text.HAL_UART_GetState), (8 bytes).
    Removing py32f002b_hal_uart.o(.text.HAL_UART_GetError), (12 bytes).
    Removing py32f002b_hal_uart.o(.ARM.exidx.text.HAL_UART_GetError), (8 bytes).
    Removing py32f002b_hal_usart.o(.text), (0 bytes).
    Removing py32f002b_hal_usart.o(.text.HAL_USART_Init), (106 bytes).
    Removing py32f002b_hal_usart.o(.ARM.exidx.text.HAL_USART_Init), (8 bytes).
    Removing py32f002b_hal_usart.o(.text.HAL_USART_MspInit), (8 bytes).
    Removing py32f002b_hal_usart.o(.ARM.exidx.text.HAL_USART_MspInit), (8 bytes).
    Removing py32f002b_hal_usart.o(.text.USART_SetConfig), (224 bytes).
    Removing py32f002b_hal_usart.o(.ARM.exidx.text.USART_SetConfig), (8 bytes).
    Removing py32f002b_hal_usart.o(.text.HAL_USART_DeInit), (92 bytes).
    Removing py32f002b_hal_usart.o(.ARM.exidx.text.HAL_USART_DeInit), (8 bytes).
    Removing py32f002b_hal_usart.o(.text.HAL_USART_MspDeInit), (8 bytes).
    Removing py32f002b_hal_usart.o(.ARM.exidx.text.HAL_USART_MspDeInit), (8 bytes).
    Removing py32f002b_hal_usart.o(.text.HAL_USART_Transmit), (360 bytes).
    Removing py32f002b_hal_usart.o(.ARM.exidx.text.HAL_USART_Transmit), (8 bytes).
    Removing py32f002b_hal_usart.o(.text.USART_WaitOnFlagUntilTimeout), (172 bytes).
    Removing py32f002b_hal_usart.o(.ARM.exidx.text.USART_WaitOnFlagUntilTimeout), (8 bytes).
    Removing py32f002b_hal_usart.o(.text.HAL_USART_Receive), (448 bytes).
    Removing py32f002b_hal_usart.o(.ARM.exidx.text.HAL_USART_Receive), (8 bytes).
    Removing py32f002b_hal_usart.o(.text.HAL_USART_TransmitReceive), (520 bytes).
    Removing py32f002b_hal_usart.o(.ARM.exidx.text.HAL_USART_TransmitReceive), (8 bytes).
    Removing py32f002b_hal_usart.o(.text.HAL_USART_Transmit_IT), (162 bytes).
    Removing py32f002b_hal_usart.o(.ARM.exidx.text.HAL_USART_Transmit_IT), (8 bytes).
    Removing py32f002b_hal_usart.o(.text.HAL_USART_Receive_IT), (188 bytes).
    Removing py32f002b_hal_usart.o(.ARM.exidx.text.HAL_USART_Receive_IT), (8 bytes).
    Removing py32f002b_hal_usart.o(.text.HAL_USART_TransmitReceive_IT), (228 bytes).
    Removing py32f002b_hal_usart.o(.ARM.exidx.text.HAL_USART_TransmitReceive_IT), (8 bytes).
    Removing py32f002b_hal_usart.o(.text.HAL_USART_Abort), (54 bytes).
    Removing py32f002b_hal_usart.o(.ARM.exidx.text.HAL_USART_Abort), (8 bytes).
    Removing py32f002b_hal_usart.o(.text.HAL_USART_Abort_IT), (78 bytes).
    Removing py32f002b_hal_usart.o(.ARM.exidx.text.HAL_USART_Abort_IT), (8 bytes).
    Removing py32f002b_hal_usart.o(.text.HAL_USART_AbortCpltCallback), (8 bytes).
    Removing py32f002b_hal_usart.o(.ARM.exidx.text.HAL_USART_AbortCpltCallback), (8 bytes).
    Removing py32f002b_hal_usart.o(.text.HAL_USART_IRQHandler), (482 bytes).
    Removing py32f002b_hal_usart.o(.ARM.exidx.text.HAL_USART_IRQHandler), (8 bytes).
    Removing py32f002b_hal_usart.o(.text.USART_Receive_IT), (296 bytes).
    Removing py32f002b_hal_usart.o(.ARM.exidx.text.USART_Receive_IT), (8 bytes).
    Removing py32f002b_hal_usart.o(.text.USART_TransmitReceive_IT), (428 bytes).
    Removing py32f002b_hal_usart.o(.ARM.exidx.text.USART_TransmitReceive_IT), (8 bytes).
    Removing py32f002b_hal_usart.o(.text.USART_EndRxTransfer), (40 bytes).
    Removing py32f002b_hal_usart.o(.ARM.exidx.text.USART_EndRxTransfer), (8 bytes).
    Removing py32f002b_hal_usart.o(.text.HAL_USART_ErrorCallback), (8 bytes).
    Removing py32f002b_hal_usart.o(.ARM.exidx.text.HAL_USART_ErrorCallback), (8 bytes).
    Removing py32f002b_hal_usart.o(.text.USART_Transmit_IT), (172 bytes).
    Removing py32f002b_hal_usart.o(.ARM.exidx.text.USART_Transmit_IT), (8 bytes).
    Removing py32f002b_hal_usart.o(.text.USART_EndTransmit_IT), (48 bytes).
    Removing py32f002b_hal_usart.o(.ARM.exidx.text.USART_EndTransmit_IT), (8 bytes).
    Removing py32f002b_hal_usart.o(.text.HAL_USART_TxCpltCallback), (8 bytes).
    Removing py32f002b_hal_usart.o(.ARM.exidx.text.HAL_USART_TxCpltCallback), (8 bytes).
    Removing py32f002b_hal_usart.o(.text.HAL_USART_TxHalfCpltCallback), (8 bytes).
    Removing py32f002b_hal_usart.o(.ARM.exidx.text.HAL_USART_TxHalfCpltCallback), (8 bytes).
    Removing py32f002b_hal_usart.o(.text.HAL_USART_RxCpltCallback), (8 bytes).
    Removing py32f002b_hal_usart.o(.ARM.exidx.text.HAL_USART_RxCpltCallback), (8 bytes).
    Removing py32f002b_hal_usart.o(.text.HAL_USART_RxHalfCpltCallback), (8 bytes).
    Removing py32f002b_hal_usart.o(.ARM.exidx.text.HAL_USART_RxHalfCpltCallback), (8 bytes).
    Removing py32f002b_hal_usart.o(.text.HAL_USART_TxRxCpltCallback), (8 bytes).
    Removing py32f002b_hal_usart.o(.ARM.exidx.text.HAL_USART_TxRxCpltCallback), (8 bytes).
    Removing py32f002b_hal_usart.o(.text.HAL_USART_GetState), (14 bytes).
    Removing py32f002b_hal_usart.o(.ARM.exidx.text.HAL_USART_GetState), (8 bytes).
    Removing py32f002b_hal_usart.o(.text.HAL_USART_GetError), (12 bytes).
    Removing py32f002b_hal_usart.o(.ARM.exidx.text.HAL_USART_GetError), (8 bytes).

618 unused section(s) (total 48801 bytes) removed from the image.

==============================================================================

Image Symbol Table

    Local Symbols

    Symbol Name                              Value     Ov Type        Size  Object(Section)

    ../../Drivers/CMSIS/Device/PY32F0xx/Source/arm/startup_py32f002bxx.s 0x00000000   Number         0  startup_py32f002bxx.o ABSOLUTE
    ../clib/angel/boardlib.s                 0x00000000   Number         0  boardinit1.o ABSOLUTE
    ../clib/angel/boardlib.s                 0x00000000   Number         0  boardinit2.o ABSOLUTE
    ../clib/angel/boardlib.s                 0x00000000   Number         0  boardinit3.o ABSOLUTE
    ../clib/angel/boardlib.s                 0x00000000   Number         0  boardshut.o ABSOLUTE
    ../clib/angel/handlers.s                 0x00000000   Number         0  __scatter_copy.o ABSOLUTE
    ../clib/angel/handlers.s                 0x00000000   Number         0  __scatter_zi.o ABSOLUTE
    ../clib/angel/kernel.s                   0x00000000   Number         0  __rtentry.o ABSOLUTE
    ../clib/angel/kernel.s                   0x00000000   Number         0  __rtentry2.o ABSOLUTE
    ../clib/angel/kernel.s                   0x00000000   Number         0  __rtentry4.o ABSOLUTE
    ../clib/angel/kernel.s                   0x00000000   Number         0  rtexit.o ABSOLUTE
    ../clib/angel/kernel.s                   0x00000000   Number         0  rtexit2.o ABSOLUTE
    ../clib/angel/rt.s                       0x00000000   Number         0  aeabi_idiv0.o ABSOLUTE
    ../clib/angel/rt.s                       0x00000000   Number         0  aeabi_idiv0_sigfpe.o ABSOLUTE
    ../clib/angel/rt.s                       0x00000000   Number         0  rt_div0.o ABSOLUTE
    ../clib/angel/rt.s                       0x00000000   Number         0  rt_errno_addr.o ABSOLUTE
    ../clib/angel/rt.s                       0x00000000   Number         0  rt_errno_addr_intlibspace.o ABSOLUTE
    ../clib/angel/rt.s                       0x00000000   Number         0  rt_ctype_table.o ABSOLUTE
    ../clib/angel/rt.s                       0x00000000   Number         0  rt_locale.o ABSOLUTE
    ../clib/angel/rt.s                       0x00000000   Number         0  rt_locale_intlibspace.o ABSOLUTE
    ../clib/angel/rt.s                       0x00000000   Number         0  rt_raise.o ABSOLUTE
    ../clib/angel/scatterp.s                 0x00000000   Number         0  __scatter.o ABSOLUTE
    ../clib/angel/startup.s                  0x00000000   Number         0  __main.o ABSOLUTE
    ../clib/angel/sys.s                      0x00000000   Number         0  libspace.o ABSOLUTE
    ../clib/angel/sys.s                      0x00000000   Number         0  sys_stackheap_outer.o ABSOLUTE
    ../clib/angel/sys.s                      0x00000000   Number         0  tempstk.o ABSOLUTE
    ../clib/angel/sys.s                      0x00000000   Number         0  use_no_semi.o ABSOLUTE
    ../clib/angel/sys.s                      0x00000000   Number         0  indicate_semi.o ABSOLUTE
    ../clib/angel/sysapp.c                   0x00000000   Number         0  sys_exit.o ABSOLUTE
    ../clib/angel/sysapp.c                   0x00000000   Number         0  sys_exit_hlt.o ABSOLUTE
    ../clib/angel/sysapp.c                   0x00000000   Number         0  sys_wrch.o ABSOLUTE
    ../clib/angel/sysapp.c                   0x00000000   Number         0  sys_wrch_hlt.o ABSOLUTE
    ../clib/angel/sysapp.c                   0x00000000   Number         0  sys_command.o ABSOLUTE
    ../clib/angel/sysapp.c                   0x00000000   Number         0  sys_command_hlt.o ABSOLUTE
    ../clib/armsys.c                         0x00000000   Number         0  argv_veneer.o ABSOLUTE
    ../clib/armsys.c                         0x00000000   Number         0  _get_argv_nomalloc.o ABSOLUTE
    ../clib/armsys.c                         0x00000000   Number         0  no_argv.o ABSOLUTE
    ../clib/bigflt.c                         0x00000000   Number         0  bigflt0.o ABSOLUTE
    ../clib/btod.c                           0x00000000   Number         0  btod.o ABSOLUTE
    ../clib/btod_accurate.c                  0x00000000   Number         0  btod_accurate.o ABSOLUTE
    ../clib/btod_accurate.c                  0x00000000   Number         0  btod_accurate_common.o ABSOLUTE
    ../clib/division.c                       0x00000000   Number         0  lludiv10.o ABSOLUTE
    ../clib/division.c                       0x00000000   Number         0  rtudiv10.o ABSOLUTE
    ../clib/division.s                       0x00000000   Number         0  aeabi_sdiv.o ABSOLUTE
    ../clib/division.s                       0x00000000   Number         0  aeabi_sdiv_div0.o ABSOLUTE
    ../clib/fenv.c                           0x00000000   Number         0  _rserrno.o ABSOLUTE
    ../clib/heapalloc.c                      0x00000000   Number         0  hrguard.o ABSOLUTE
    ../clib/heapaux.c                        0x00000000   Number         0  heapauxi.o ABSOLUTE
    ../clib/libinit.s                        0x00000000   Number         0  libinit.o ABSOLUTE
    ../clib/libinit.s                        0x00000000   Number         0  libinit2.o ABSOLUTE
    ../clib/libinit.s                        0x00000000   Number         0  libshutdown.o ABSOLUTE
    ../clib/libinit.s                        0x00000000   Number         0  libshutdown2.o ABSOLUTE
    ../clib/locale.c                         0x00000000   Number         0  _c16rtomb.o ABSOLUTE
    ../clib/locale.s                         0x00000000   Number         0  lc_numeric_c.o ABSOLUTE
    ../clib/locale.s                         0x00000000   Number         0  lc_ctype_c.o ABSOLUTE
    ../clib/longlong.c                       0x00000000   Number         0  llushr.o ABSOLUTE
    ../clib/misc.s                           0x00000000   Number         0  printf_stubs.o ABSOLUTE
    ../clib/printf.c                         0x00000000   Number         0  vsprintf.o ABSOLUTE
    ../clib/printf.c                         0x00000000   Number         0  __printf.o ABSOLUTE
    ../clib/printf.c                         0x00000000   Number         0  _printf_pad.o ABSOLUTE
    ../clib/printf.c                         0x00000000   Number         0  _printf_truncate.o ABSOLUTE
    ../clib/printf.c                         0x00000000   Number         0  _printf_str.o ABSOLUTE
    ../clib/printf.c                         0x00000000   Number         0  _printf_dec.o ABSOLUTE
    ../clib/printf.c                         0x00000000   Number         0  _printf_charcount.o ABSOLUTE
    ../clib/printf.c                         0x00000000   Number         0  _printf_char_common.o ABSOLUTE
    ../clib/printf.c                         0x00000000   Number         0  _sputc.o ABSOLUTE
    ../clib/printf.c                         0x00000000   Number         0  _printf_wctomb.o ABSOLUTE
    ../clib/printf.c                         0x00000000   Number         0  _printf_longlong_dec.o ABSOLUTE
    ../clib/printf.c                         0x00000000   Number         0  _printf_oct_ll.o ABSOLUTE
    ../clib/printf.c                         0x00000000   Number         0  _printf_oct_int.o ABSOLUTE
    ../clib/printf.c                         0x00000000   Number         0  _printf_oct_int_ll.o ABSOLUTE
    ../clib/printf.c                         0x00000000   Number         0  _printf_hex_ll.o ABSOLUTE
    ../clib/printf.c                         0x00000000   Number         0  _printf_hex_int.o ABSOLUTE
    ../clib/printf.c                         0x00000000   Number         0  _printf_hex_int_ll.o ABSOLUTE
    ../clib/printf.c                         0x00000000   Number         0  _printf_hex_ptr.o ABSOLUTE
    ../clib/printf.c                         0x00000000   Number         0  _printf_hex_int_ptr.o ABSOLUTE
    ../clib/printf.c                         0x00000000   Number         0  _printf_hex_ll_ptr.o ABSOLUTE
    ../clib/printf.c                         0x00000000   Number         0  _printf_hex_int_ll_ptr.o ABSOLUTE
    ../clib/printf.c                         0x00000000   Number         0  __printf_flags.o ABSOLUTE
    ../clib/printf.c                         0x00000000   Number         0  __printf_ss.o ABSOLUTE
    ../clib/printf.c                         0x00000000   Number         0  __printf_flags_ss.o ABSOLUTE
    ../clib/printf.c                         0x00000000   Number         0  __printf_wp.o ABSOLUTE
    ../clib/printf.c                         0x00000000   Number         0  __printf_flags_wp.o ABSOLUTE
    ../clib/printf.c                         0x00000000   Number         0  __printf_ss_wp.o ABSOLUTE
    ../clib/printf.c                         0x00000000   Number         0  __printf_flags_ss_wp.o ABSOLUTE
    ../clib/printf.c                         0x00000000   Number         0  _printf_intcommon.o ABSOLUTE
    ../clib/printf.c                         0x00000000   Number         0  _printf_fp_dec.o ABSOLUTE
    ../clib/printf.c                         0x00000000   Number         0  _printf_fp_dec_accurate.o ABSOLUTE
    ../clib/printf.c                         0x00000000   Number         0  _printf_fp_hex.o ABSOLUTE
    ../clib/printf.c                         0x00000000   Number         0  __printf_nopercent.o ABSOLUTE
    ../clib/printf.c                         0x00000000   Number         0  _printf_char.o ABSOLUTE
    ../clib/printf.c                         0x00000000   Number         0  _printf_wchar.o ABSOLUTE
    ../clib/printf.c                         0x00000000   Number         0  _printf_fp_infnan.o ABSOLUTE
    ../clib/printf_percent.s                 0x00000000   Number         0  _printf_c.o ABSOLUTE
    ../clib/printf_percent.s                 0x00000000   Number         0  _printf_s.o ABSOLUTE
    ../clib/printf_percent.s                 0x00000000   Number         0  _printf_n.o ABSOLUTE
    ../clib/printf_percent.s                 0x00000000   Number         0  _printf_x.o ABSOLUTE
    ../clib/printf_percent.s                 0x00000000   Number         0  _printf_p.o ABSOLUTE
    ../clib/printf_percent.s                 0x00000000   Number         0  _printf_o.o ABSOLUTE
    ../clib/printf_percent.s                 0x00000000   Number         0  _printf_i.o ABSOLUTE
    ../clib/printf_percent.s                 0x00000000   Number         0  _printf_d.o ABSOLUTE
    ../clib/printf_percent.s                 0x00000000   Number         0  _printf_u.o ABSOLUTE
    ../clib/printf_percent.s                 0x00000000   Number         0  _printf_f.o ABSOLUTE
    ../clib/printf_percent.s                 0x00000000   Number         0  _printf_e.o ABSOLUTE
    ../clib/printf_percent.s                 0x00000000   Number         0  _printf_g.o ABSOLUTE
    ../clib/printf_percent.s                 0x00000000   Number         0  _printf_a.o ABSOLUTE
    ../clib/printf_percent.s                 0x00000000   Number         0  _printf_percent.o ABSOLUTE
    ../clib/printf_percent.s                 0x00000000   Number         0  _printf_lli.o ABSOLUTE
    ../clib/printf_percent.s                 0x00000000   Number         0  _printf_lld.o ABSOLUTE
    ../clib/printf_percent.s                 0x00000000   Number         0  _printf_llu.o ABSOLUTE
    ../clib/printf_percent.s                 0x00000000   Number         0  _printf_ll.o ABSOLUTE
    ../clib/printf_percent.s                 0x00000000   Number         0  _printf_l.o ABSOLUTE
    ../clib/printf_percent.s                 0x00000000   Number         0  _printf_lc.o ABSOLUTE
    ../clib/printf_percent.s                 0x00000000   Number         0  _printf_ls.o ABSOLUTE
    ../clib/printf_percent.s                 0x00000000   Number         0  _printf_llo.o ABSOLUTE
    ../clib/printf_percent.s                 0x00000000   Number         0  _printf_llx.o ABSOLUTE
    ../clib/printf_percent.s                 0x00000000   Number         0  _printf_percent_end.o ABSOLUTE
    ../clib/signal.c                         0x00000000   Number         0  defsig_fpe_outer.o ABSOLUTE
    ../clib/signal.c                         0x00000000   Number         0  defsig_fpe_formal.o ABSOLUTE
    ../clib/signal.c                         0x00000000   Number         0  defsig_exit.o ABSOLUTE
    ../clib/signal.c                         0x00000000   Number         0  defsig_fpe_inner.o ABSOLUTE
    ../clib/signal.c                         0x00000000   Number         0  __raise.o ABSOLUTE
    ../clib/signal.c                         0x00000000   Number         0  defsig_general.o ABSOLUTE
    ../clib/signal.c                         0x00000000   Number         0  defsig_abrt_inner.o ABSOLUTE
    ../clib/signal.c                         0x00000000   Number         0  defsig_rtred_inner.o ABSOLUTE
    ../clib/signal.c                         0x00000000   Number         0  defsig_rtmem_inner.o ABSOLUTE
    ../clib/signal.c                         0x00000000   Number         0  defsig_rtmem_outer.o ABSOLUTE
    ../clib/signal.c                         0x00000000   Number         0  defsig_rtmem_formal.o ABSOLUTE
    ../clib/signal.c                         0x00000000   Number         0  defsig_stak_inner.o ABSOLUTE
    ../clib/signal.c                         0x00000000   Number         0  defsig_pvfn_inner.o ABSOLUTE
    ../clib/signal.c                         0x00000000   Number         0  defsig_cppl_inner.o ABSOLUTE
    ../clib/signal.c                         0x00000000   Number         0  defsig_segv_inner.o ABSOLUTE
    ../clib/signal.c                         0x00000000   Number         0  defsig_other.o ABSOLUTE
    ../clib/signal.s                         0x00000000   Number         0  defsig.o ABSOLUTE
    ../clib/stdlib.c                         0x00000000   Number         0  exit.o ABSOLUTE
    ../clib/string.c                         0x00000000   Number         0  strcmp.o ABSOLUTE
    ../fplib/cfplib/cmp.c                    0x00000000   Number         0  dcmp.o ABSOLUTE
    ../fplib/cfplib/cmp.c                    0x00000000   Number         0  fcmp.o ABSOLUTE
    ../fplib/cfplib/cmpret.c                 0x00000000   Number         0  cmpret.o ABSOLUTE
    ../fplib/cfplib/d2f.c                    0x00000000   Number         0  d2f.o ABSOLUTE
    ../fplib/cfplib/daddsub.c                0x00000000   Number         0  daddsub.o ABSOLUTE
    ../fplib/cfplib/dcmpin.c                 0x00000000   Number         0  dcmpin.o ABSOLUTE
    ../fplib/cfplib/ddiv.c                   0x00000000   Number         0  ddiv.o ABSOLUTE
    ../fplib/cfplib/dmul.c                   0x00000000   Number         0  dmul.o ABSOLUTE
    ../fplib/cfplib/drnd.c                   0x00000000   Number         0  drnd.o ABSOLUTE
    ../fplib/cfplib/fcmpin.c                 0x00000000   Number         0  fcmpin.o ABSOLUTE
    ../fplib/cfplib/ffix.c                   0x00000000   Number         0  dfixi.o ABSOLUTE
    ../fplib/cfplib/ffix.c                   0x00000000   Number         0  dfixui.o ABSOLUTE
    ../fplib/cfplib/fflt.c                   0x00000000   Number         0  dflti.o ABSOLUTE
    ../fplib/cfplib/fflt.c                   0x00000000   Number         0  fflti.o ABSOLUTE
    ../fplib/cfplib/fpinit.c                 0x00000000   Number         0  fpinit.o ABSOLUTE
    ../fplib/cfplib/ieee_status.c            0x00000000   Number         0  ieee_status.o ABSOLUTE
    ../fplib/cfplib/nan2.c                   0x00000000   Number         0  dnan2.o ABSOLUTE
    ../fplib/cfplib/nan2.c                   0x00000000   Number         0  fnan2.o ABSOLUTE
    ../fplib/cfplib/retnan.c                 0x00000000   Number         0  retnan.o ABSOLUTE
    ../fplib/cfplib/scalbn.c                 0x00000000   Number         0  dscalbn.o ABSOLUTE
    ../fplib/deqf6m.s                        0x00000000   Number         0  deqf.o ABSOLUTE
    ../fplib/dgeqf6m.s                       0x00000000   Number         0  dgef.o ABSOLUTE
    ../fplib/dleqf6m.s                       0x00000000   Number         0  dlef.o ABSOLUTE
    ../fplib/drleqf6m.s                      0x00000000   Number         0  drlef.o ABSOLUTE
    ../fplib/faddsub6m.s                     0x00000000   Number         0  faddsub.o ABSOLUTE
    ../fplib/feqf6m.s                        0x00000000   Number         0  feqf.o ABSOLUTE
    ../fplib/fgeqf6m.s                       0x00000000   Number         0  fgef.o ABSOLUTE
    ../fplib/fleqf6m.s                       0x00000000   Number         0  flef.o ABSOLUTE
    ../fplib/printf1.s                       0x00000000   Number         0  printf1.o ABSOLUTE
    ../fplib/printf2.s                       0x00000000   Number         0  printf2.o ABSOLUTE
    ../fplib/printf2a.s                      0x00000000   Number         0  printf2a.o ABSOLUTE
    ../fplib/printf2b.s                      0x00000000   Number         0  printf2b.o ABSOLUTE
    ../fplib/usenofp.s                       0x00000000   Number         0  usenofp.o ABSOLUTE
    ../mathlib/atan.c                        0x00000000   Number         0  atan.o ABSOLUTE
    ../mathlib/atan2.c                       0x00000000   Number         0  atan2.o ABSOLUTE
    ../mathlib/dunder.c                      0x00000000   Number         0  dunder.o ABSOLUTE
    ../mathlib/fpclassify.c                  0x00000000   Number         0  fpclassify.o ABSOLUTE
    ../mathlib/poly.c                        0x00000000   Number         0  poly.o ABSOLUTE
    ../mathlib/qnan.c                        0x00000000   Number         0  qnan.o ABSOLUTE
    ../mathlib/round.c                       0x00000000   Number         0  round.o ABSOLUTE
    OLED.c                                   0x00000000   Number         0  oled.o ABSOLUTE
    OLED_Data.c                              0x00000000   Number         0  oled_data.o ABSOLUTE
    dc.s                                     0x00000000   Number         0  dc.o ABSOLUTE
    main.c                                   0x00000000   Number         0  main.o ABSOLUTE
    py32f002b_hal.c                          0x00000000   Number         0  py32f002b_hal.o ABSOLUTE
    py32f002b_hal_cortex.c                   0x00000000   Number         0  py32f002b_hal_cortex.o ABSOLUTE
    py32f002b_hal_gpio.c                     0x00000000   Number         0  py32f002b_hal_gpio.o ABSOLUTE
    py32f002b_hal_i2c.c                      0x00000000   Number         0  py32f002b_hal_i2c.o ABSOLUTE
    py32f002b_hal_msp.c                      0x00000000   Number         0  py32f002b_hal_msp.o ABSOLUTE
    py32f002b_hal_rcc.c                      0x00000000   Number         0  py32f002b_hal_rcc.o ABSOLUTE
    py32f002b_hal_rcc_ex.c                   0x00000000   Number         0  py32f002b_hal_rcc_ex.o ABSOLUTE
    py32f002b_hal_spi.c                      0x00000000   Number         0  py32f002b_hal_spi.o ABSOLUTE
    py32f002b_hal_uart.c                     0x00000000   Number         0  py32f002b_hal_uart.o ABSOLUTE
    py32f002b_hal_usart.c                    0x00000000   Number         0  py32f002b_hal_usart.o ABSOLUTE
    py32f002b_it.c                           0x00000000   Number         0  py32f002b_it.o ABSOLUTE
    py32f002bxx_Start_Kit.c                  0x00000000   Number         0  py32f002bxx_start_kit.o ABSOLUTE
    system_py32f002b.c                       0x00000000   Number         0  system_py32f002b.o ABSOLUTE
    RESET                                    0x08000000   Section      192  startup_py32f002bxx.o(RESET)
    !!!main                                  0x080000c0   Section        8  __main.o(!!!main)
    !!!scatter                               0x080000c8   Section       84  __scatter.o(!!!scatter)
    !!handler_copy                           0x0800011c   Section       26  __scatter_copy.o(!!handler_copy)
    !!handler_null                           0x08000138   Section        2  __scatter.o(!!handler_null)
    !!handler_zi                             0x0800013c   Section       28  __scatter_zi.o(!!handler_zi)
    .ARM.Collect$$libinit$$00000000          0x08000158   Section        2  libinit.o(.ARM.Collect$$libinit$$00000000)
    .ARM.Collect$$libinit$$00000002          0x0800015a   Section        0  libinit2.o(.ARM.Collect$$libinit$$00000002)
    .ARM.Collect$$libinit$$00000004          0x0800015a   Section        0  libinit2.o(.ARM.Collect$$libinit$$00000004)
    .ARM.Collect$$libinit$$00000006          0x0800015a   Section        0  libinit2.o(.ARM.Collect$$libinit$$00000006)
    .ARM.Collect$$libinit$$0000000C          0x0800015a   Section        0  libinit2.o(.ARM.Collect$$libinit$$0000000C)
    .ARM.Collect$$libinit$$0000000E          0x0800015a   Section        0  libinit2.o(.ARM.Collect$$libinit$$0000000E)
    .ARM.Collect$$libinit$$00000010          0x0800015a   Section        0  libinit2.o(.ARM.Collect$$libinit$$00000010)
    .ARM.Collect$$libinit$$00000013          0x0800015a   Section        0  libinit2.o(.ARM.Collect$$libinit$$00000013)
    .ARM.Collect$$libinit$$00000015          0x0800015a   Section        0  libinit2.o(.ARM.Collect$$libinit$$00000015)
    .ARM.Collect$$libinit$$00000017          0x0800015a   Section        0  libinit2.o(.ARM.Collect$$libinit$$00000017)
    .ARM.Collect$$libinit$$00000019          0x0800015a   Section        0  libinit2.o(.ARM.Collect$$libinit$$00000019)
    .ARM.Collect$$libinit$$0000001B          0x0800015a   Section        0  libinit2.o(.ARM.Collect$$libinit$$0000001B)
    .ARM.Collect$$libinit$$0000001D          0x0800015a   Section        0  libinit2.o(.ARM.Collect$$libinit$$0000001D)
    .ARM.Collect$$libinit$$0000001F          0x0800015a   Section        0  libinit2.o(.ARM.Collect$$libinit$$0000001F)
    .ARM.Collect$$libinit$$00000021          0x0800015a   Section        0  libinit2.o(.ARM.Collect$$libinit$$00000021)
    .ARM.Collect$$libinit$$00000023          0x0800015a   Section        0  libinit2.o(.ARM.Collect$$libinit$$00000023)
    .ARM.Collect$$libinit$$00000025          0x0800015a   Section        0  libinit2.o(.ARM.Collect$$libinit$$00000025)
    .ARM.Collect$$libinit$$00000027          0x0800015a   Section        0  libinit2.o(.ARM.Collect$$libinit$$00000027)
    .ARM.Collect$$libinit$$0000002E          0x0800015a   Section        0  libinit2.o(.ARM.Collect$$libinit$$0000002E)
    .ARM.Collect$$libinit$$00000030          0x0800015a   Section        0  libinit2.o(.ARM.Collect$$libinit$$00000030)
    .ARM.Collect$$libinit$$00000032          0x0800015a   Section        0  libinit2.o(.ARM.Collect$$libinit$$00000032)
    .ARM.Collect$$libinit$$00000034          0x0800015a   Section        0  libinit2.o(.ARM.Collect$$libinit$$00000034)
    .ARM.Collect$$libinit$$00000035          0x0800015a   Section        2  libinit2.o(.ARM.Collect$$libinit$$00000035)
    .ARM.Collect$$libshutdown$$00000000      0x0800015c   Section        2  libshutdown.o(.ARM.Collect$$libshutdown$$00000000)
    .ARM.Collect$$libshutdown$$00000002      0x0800015e   Section        0  libshutdown2.o(.ARM.Collect$$libshutdown$$00000002)
    .ARM.Collect$$libshutdown$$00000004      0x0800015e   Section        0  libshutdown2.o(.ARM.Collect$$libshutdown$$00000004)
    .ARM.Collect$$libshutdown$$00000007      0x0800015e   Section        0  libshutdown2.o(.ARM.Collect$$libshutdown$$00000007)
    .ARM.Collect$$libshutdown$$0000000A      0x0800015e   Section        0  libshutdown2.o(.ARM.Collect$$libshutdown$$0000000A)
    .ARM.Collect$$libshutdown$$0000000C      0x0800015e   Section        0  libshutdown2.o(.ARM.Collect$$libshutdown$$0000000C)
    .ARM.Collect$$libshutdown$$0000000F      0x0800015e   Section        0  libshutdown2.o(.ARM.Collect$$libshutdown$$0000000F)
    .ARM.Collect$$libshutdown$$00000010      0x0800015e   Section        2  libshutdown2.o(.ARM.Collect$$libshutdown$$00000010)
    .ARM.Collect$$rtentry$$00000000          0x08000160   Section        0  __rtentry.o(.ARM.Collect$$rtentry$$00000000)
    .ARM.Collect$$rtentry$$00000002          0x08000160   Section        0  __rtentry2.o(.ARM.Collect$$rtentry$$00000002)
    .ARM.Collect$$rtentry$$00000004          0x08000160   Section        6  __rtentry4.o(.ARM.Collect$$rtentry$$00000004)
    .ARM.Collect$$rtentry$$00000009          0x08000166   Section        0  __rtentry2.o(.ARM.Collect$$rtentry$$00000009)
    .ARM.Collect$$rtentry$$0000000A          0x08000166   Section        4  __rtentry2.o(.ARM.Collect$$rtentry$$0000000A)
    .ARM.Collect$$rtentry$$0000000C          0x0800016a   Section        0  __rtentry2.o(.ARM.Collect$$rtentry$$0000000C)
    .ARM.Collect$$rtentry$$0000000D          0x0800016a   Section        8  __rtentry2.o(.ARM.Collect$$rtentry$$0000000D)
    .ARM.Collect$$rtexit$$00000000           0x08000172   Section        2  rtexit.o(.ARM.Collect$$rtexit$$00000000)
    .ARM.Collect$$rtexit$$00000002           0x08000174   Section        0  rtexit2.o(.ARM.Collect$$rtexit$$00000002)
    .ARM.Collect$$rtexit$$00000003           0x08000174   Section        4  rtexit2.o(.ARM.Collect$$rtexit$$00000003)
    .ARM.Collect$$rtexit$$00000004           0x08000178   Section        6  rtexit2.o(.ARM.Collect$$rtexit$$00000004)
    .text                                    0x08000180   Section       52  startup_py32f002bxx.o(.text)
    .text                                    0x080001b4   Section      364  aeabi_sdiv.o(.text)
    .text                                    0x08000320   Section        0  heapauxi.o(.text)
    .text                                    0x08000328   Section        8  libspace.o(.text)
    .text                                    0x08000330   Section       62  sys_stackheap_outer.o(.text)
    .text                                    0x0800036e   Section        0  exit.o(.text)
    .text                                    0x08000380   Section        0  sys_exit.o(.text)
    .text                                    0x0800038c   Section        2  use_no_semi.o(.text)
    .text                                    0x0800038e   Section        0  indicate_semi.o(.text)
    DelayTime                                0x08000391   Thumb Code    36  system_py32f002b.o(.text.DelayTime)
    [Anonymous Symbol]                       0x08000390   Section        0  system_py32f002b.o(.text.DelayTime)
    __arm_cp.2_0                             0x080003b4   Number         4  system_py32f002b.o(.text.DelayTime)
    [Anonymous Symbol]                       0x080003b8   Section        0  py32f002b_hal_gpio.o(.text.HAL_GPIO_Init)
    __arm_cp.0_0                             0x0800063c   Number         4  py32f002b_hal_gpio.o(.text.HAL_GPIO_Init)
    __arm_cp.0_1                             0x08000640   Number         4  py32f002b_hal_gpio.o(.text.HAL_GPIO_Init)
    __arm_cp.0_2                             0x08000644   Number         4  py32f002b_hal_gpio.o(.text.HAL_GPIO_Init)
    __arm_cp.0_3                             0x08000648   Number         4  py32f002b_hal_gpio.o(.text.HAL_GPIO_Init)
    __arm_cp.0_4                             0x0800064c   Number         4  py32f002b_hal_gpio.o(.text.HAL_GPIO_Init)
    __arm_cp.0_5                             0x08000650   Number         4  py32f002b_hal_gpio.o(.text.HAL_GPIO_Init)
    [Anonymous Symbol]                       0x08000654   Section        0  py32f002b_hal_gpio.o(.text.HAL_GPIO_WritePin)
    [Anonymous Symbol]                       0x08000680   Section        0  py32f002b_hal.o(.text.HAL_IncTick)
    __arm_cp.5_1                             0x08000690   Number         4  py32f002b_hal.o(.text.HAL_IncTick)
    [Anonymous Symbol]                       0x08000694   Section        0  py32f002b_hal.o(.text.HAL_Init)
    [Anonymous Symbol]                       0x080006c0   Section        0  py32f002b_hal.o(.text.HAL_InitTick)
    __arm_cp.1_0                             0x08000738   Number         4  py32f002b_hal.o(.text.HAL_InitTick)
    __arm_cp.1_1                             0x0800073c   Number         4  py32f002b_hal.o(.text.HAL_InitTick)
    __arm_cp.1_2                             0x08000740   Number         4  py32f002b_hal.o(.text.HAL_InitTick)
    [Anonymous Symbol]                       0x08000744   Section        0  py32f002b_hal_msp.o(.text.HAL_MspInit)
    __arm_cp.0_0                             0x08000778   Number         4  py32f002b_hal_msp.o(.text.HAL_MspInit)
    __arm_cp.0_1                             0x0800077c   Number         4  py32f002b_hal_msp.o(.text.HAL_MspInit)
    [Anonymous Symbol]                       0x08000780   Section        0  py32f002b_hal_cortex.o(.text.HAL_NVIC_SetPriority)
    [Anonymous Symbol]                       0x0800079c   Section        0  py32f002b_hal_cortex.o(.text.HAL_SYSTICK_Config)
    [Anonymous Symbol]                       0x080007ac   Section        0  py32f002b_it.o(.text.HardFault_Handler)
    [Anonymous Symbol]                       0x080007b0   Section        0  py32f002b_it.o(.text.NMI_Handler)
    NVIC_SetPriority                         0x080007b5   Thumb Code   124  py32f002b_hal_cortex.o(.text.NVIC_SetPriority)
    [Anonymous Symbol]                       0x080007b4   Section        0  py32f002b_hal_cortex.o(.text.NVIC_SetPriority)
    __arm_cp.1_0                             0x08000830   Number         4  py32f002b_hal_cortex.o(.text.NVIC_SetPriority)
    __arm_cp.1_1                             0x08000834   Number         4  py32f002b_hal_cortex.o(.text.NVIC_SetPriority)
    [Anonymous Symbol]                       0x08000838   Section        0  oled.o(.text.OLED_Clear)
    [Anonymous Symbol]                       0x0800088c   Section        0  oled.o(.text.OLED_ClearArea)
    __arm_cp.17_0                            0x08000954   Number         4  oled.o(.text.OLED_ClearArea)
    [Anonymous Symbol]                       0x08000958   Section        0  oled.o(.text.OLED_GPIO_Init)
    __arm_cp.5_0                             0x08000a2c   Number         4  oled.o(.text.OLED_GPIO_Init)
    __arm_cp.5_1                             0x08000a30   Number         4  oled.o(.text.OLED_GPIO_Init)
    [Anonymous Symbol]                       0x08000a34   Section        0  oled.o(.text.OLED_Init)
    [Anonymous Symbol]                       0x08000ace   Section        0  oled.o(.text.OLED_Pow)
    [Anonymous Symbol]                       0x08000af6   Section        0  oled.o(.text.OLED_SPI_SendByte)
    [Anonymous Symbol]                       0x08000b3e   Section        0  oled.o(.text.OLED_SetCursor)
    [Anonymous Symbol]                       0x08000b74   Section        0  oled.o(.text.OLED_ShowChar)
    __arm_cp.20_0                            0x08000be8   Number         4  oled.o(.text.OLED_ShowChar)
    __arm_cp.20_1                            0x08000bec   Number         4  oled.o(.text.OLED_ShowChar)
    __arm_cp.20_2                            0x08000bf0   Number         4  oled.o(.text.OLED_ShowChar)
    [Anonymous Symbol]                       0x08000bf4   Section        0  oled.o(.text.OLED_ShowImage)
    [Anonymous Symbol]                       0x08000da0   Section        0  oled.o(.text.OLED_ShowNum)
    [Anonymous Symbol]                       0x08000e30   Section        0  oled.o(.text.OLED_Update)
    __arm_cp.11_0                            0x08000e74   Number         4  oled.o(.text.OLED_Update)
    [Anonymous Symbol]                       0x08000e78   Section        0  oled.o(.text.OLED_W_CS)
    [Anonymous Symbol]                       0x08000e92   Section        0  oled.o(.text.OLED_W_D0)
    [Anonymous Symbol]                       0x08000eac   Section        0  oled.o(.text.OLED_W_D1)
    __arm_cp.1_0                             0x08000ec4   Number         4  oled.o(.text.OLED_W_D1)
    [Anonymous Symbol]                       0x08000ec8   Section        0  oled.o(.text.OLED_W_DC)
    [Anonymous Symbol]                       0x08000ee2   Section        0  oled.o(.text.OLED_W_RES)
    [Anonymous Symbol]                       0x08000efc   Section        0  oled.o(.text.OLED_WriteCommand)
    [Anonymous Symbol]                       0x08000f26   Section        0  oled.o(.text.OLED_WriteData)
    [Anonymous Symbol]                       0x08000f76   Section        0  py32f002b_it.o(.text.PendSV_Handler)
    [Anonymous Symbol]                       0x08000f78   Section        0  py32f002b_it.o(.text.SVC_Handler)
    SysTick_Config                           0x08000f7d   Thumb Code    68  py32f002b_hal_cortex.o(.text.SysTick_Config)
    [Anonymous Symbol]                       0x08000f7c   Section        0  py32f002b_hal_cortex.o(.text.SysTick_Config)
    __arm_cp.9_0                             0x08000fc0   Number         4  py32f002b_hal_cortex.o(.text.SysTick_Config)
    __arm_cp.9_1                             0x08000fc4   Number         4  py32f002b_hal_cortex.o(.text.SysTick_Config)
    __arm_cp.9_2                             0x08000fc8   Number         4  py32f002b_hal_cortex.o(.text.SysTick_Config)
    [Anonymous Symbol]                       0x08000fcc   Section        0  py32f002b_it.o(.text.SysTick_Handler)
    [Anonymous Symbol]                       0x08000fd4   Section        0  system_py32f002b.o(.text.SystemInit)
    __arm_cp.1_0                             0x08001008   Number         4  system_py32f002b.o(.text.SystemInit)
    __arm_cp.1_1                             0x0800100c   Number         4  system_py32f002b.o(.text.SystemInit)
    __arm_cp.1_2                             0x08001010   Number         4  system_py32f002b.o(.text.SystemInit)
    __arm_cp.1_3                             0x08001014   Number         4  system_py32f002b.o(.text.SystemInit)
    __arm_cp.1_4                             0x08001018   Number         4  system_py32f002b.o(.text.SystemInit)
    __arm_cp.1_5                             0x0800101c   Number         4  system_py32f002b.o(.text.SystemInit)
    [Anonymous Symbol]                       0x08001020   Section        0  main.o(.text.main)
    .bss                                     0x20000010   Section       96  libspace.o(.bss)
    Heap_Mem                                 0x20000478   Data           0  startup_py32f002bxx.o(HEAP)
    Stack_Mem                                0x20000478   Data        1024  startup_py32f002bxx.o(STACK)
    HEAP                                     0x20000478   Section        0  startup_py32f002bxx.o(HEAP)
    STACK                                    0x20000478   Section     1024  startup_py32f002bxx.o(STACK)
    __initial_sp                             0x20000878   Data           0  startup_py32f002bxx.o(STACK)

    Global Symbols

    Symbol Name                              Value     Ov Type        Size  Object(Section)

    BuildAttributes$$THM_ISAv3M$S$PE$A:L22$X:L11$S22$IEEE1$IW$~IW$USESV6$~STKCKD$USESV7$~SHL$OTIME$ROPI$IEEEX$EBA8$UX$STANDARDLIB$REQ8$PRES8$EABIv2 0x00000000   Number         0  anon$$obj.o ABSOLUTE
    _printf_flags                            0x00000000   Number         0  printf_stubs.o ABSOLUTE
    _printf_return_value                     0x00000000   Number         0  printf_stubs.o ABSOLUTE
    _printf_sizespec                         0x00000000   Number         0  printf_stubs.o ABSOLUTE
    _printf_widthprec                        0x00000000   Number         0  printf_stubs.o ABSOLUTE
    __ARM_exceptions_init                     - Undefined Weak Reference
    __alloca_initialize                       - Undefined Weak Reference
    __arm_preinit_                            - Undefined Weak Reference
    __arm_relocate_pie_                       - Undefined Weak Reference
    __cpp_initialize__aeabi_                  - Undefined Weak Reference
    __cxa_finalize                            - Undefined Weak Reference
    __sigvec_lookup                           - Undefined Weak Reference
    _atexit_init                              - Undefined Weak Reference
    _call_atexit_fns                          - Undefined Weak Reference
    _clock_init                               - Undefined Weak Reference
    _fp_trap_init                             - Undefined Weak Reference
    _fp_trap_shutdown                         - Undefined Weak Reference
    _get_lc_collate                           - Undefined Weak Reference
    _get_lc_monetary                          - Undefined Weak Reference
    _get_lc_time                              - Undefined Weak Reference
    _getenv_init                              - Undefined Weak Reference
    _handle_redirection                       - Undefined Weak Reference
    _init_alloc                               - Undefined Weak Reference
    _init_user_alloc                          - Undefined Weak Reference
    _initio                                   - Undefined Weak Reference
    _printf_mbtowc                            - Undefined Weak Reference
    _printf_wc                                - Undefined Weak Reference
    _rand_init                                - Undefined Weak Reference
    _signal_finish                            - Undefined Weak Reference
    _signal_init                              - Undefined Weak Reference
    _terminate_alloc                          - Undefined Weak Reference
    _terminate_user_alloc                     - Undefined Weak Reference
    _terminateio                              - Undefined Weak Reference
    __Vectors_Size                           0x000000c0   Number         0  startup_py32f002bxx.o ABSOLUTE
    __Vectors                                0x08000000   Data           4  startup_py32f002bxx.o(RESET)
    __Vectors_End                            0x080000c0   Data           0  startup_py32f002bxx.o(RESET)
    __main                                   0x080000c1   Thumb Code     8  __main.o(!!!main)
    __scatterload                            0x080000c9   Thumb Code     0  __scatter.o(!!!scatter)
    __scatterload_rt2                        0x080000c9   Thumb Code    74  __scatter.o(!!!scatter)
    __scatterload_rt2_thumb_only             0x080000c9   Thumb Code     0  __scatter.o(!!!scatter)
    __scatterload_loop                       0x080000d3   Thumb Code     0  __scatter.o(!!!scatter)
    __scatterload_copy                       0x0800011d   Thumb Code    26  __scatter_copy.o(!!handler_copy)
    __scatterload_null                       0x08000139   Thumb Code     2  __scatter.o(!!handler_null)
    __scatterload_zeroinit                   0x0800013d   Thumb Code    28  __scatter_zi.o(!!handler_zi)
    __rt_lib_init                            0x08000159   Thumb Code     0  libinit.o(.ARM.Collect$$libinit$$00000000)
    __rt_lib_init_alloca_1                   0x0800015b   Thumb Code     0  libinit2.o(.ARM.Collect$$libinit$$00000030)
    __rt_lib_init_argv_1                     0x0800015b   Thumb Code     0  libinit2.o(.ARM.Collect$$libinit$$0000002E)
    __rt_lib_init_atexit_1                   0x0800015b   Thumb Code     0  libinit2.o(.ARM.Collect$$libinit$$0000001D)
    __rt_lib_init_clock_1                    0x0800015b   Thumb Code     0  libinit2.o(.ARM.Collect$$libinit$$00000023)
    __rt_lib_init_cpp_1                      0x0800015b   Thumb Code     0  libinit2.o(.ARM.Collect$$libinit$$00000034)
    __rt_lib_init_exceptions_1               0x0800015b   Thumb Code     0  libinit2.o(.ARM.Collect$$libinit$$00000032)
    __rt_lib_init_fp_1                       0x0800015b   Thumb Code     0  libinit2.o(.ARM.Collect$$libinit$$00000002)
    __rt_lib_init_fp_trap_1                  0x0800015b   Thumb Code     0  libinit2.o(.ARM.Collect$$libinit$$00000021)
    __rt_lib_init_getenv_1                   0x0800015b   Thumb Code     0  libinit2.o(.ARM.Collect$$libinit$$00000025)
    __rt_lib_init_heap_1                     0x0800015b   Thumb Code     0  libinit2.o(.ARM.Collect$$libinit$$0000000C)
    __rt_lib_init_lc_collate_1               0x0800015b   Thumb Code     0  libinit2.o(.ARM.Collect$$libinit$$00000013)
    __rt_lib_init_lc_ctype_1                 0x0800015b   Thumb Code     0  libinit2.o(.ARM.Collect$$libinit$$00000015)
    __rt_lib_init_lc_monetary_1              0x0800015b   Thumb Code     0  libinit2.o(.ARM.Collect$$libinit$$00000017)
    __rt_lib_init_lc_numeric_1               0x0800015b   Thumb Code     0  libinit2.o(.ARM.Collect$$libinit$$00000019)
    __rt_lib_init_lc_time_1                  0x0800015b   Thumb Code     0  libinit2.o(.ARM.Collect$$libinit$$0000001B)
    __rt_lib_init_preinit_1                  0x0800015b   Thumb Code     0  libinit2.o(.ARM.Collect$$libinit$$00000006)
    __rt_lib_init_rand_1                     0x0800015b   Thumb Code     0  libinit2.o(.ARM.Collect$$libinit$$00000010)
    __rt_lib_init_relocate_pie_1             0x0800015b   Thumb Code     0  libinit2.o(.ARM.Collect$$libinit$$00000004)
    __rt_lib_init_return                     0x0800015b   Thumb Code     0  libinit2.o(.ARM.Collect$$libinit$$00000035)
    __rt_lib_init_signal_1                   0x0800015b   Thumb Code     0  libinit2.o(.ARM.Collect$$libinit$$0000001F)
    __rt_lib_init_stdio_1                    0x0800015b   Thumb Code     0  libinit2.o(.ARM.Collect$$libinit$$00000027)
    __rt_lib_init_user_alloc_1               0x0800015b   Thumb Code     0  libinit2.o(.ARM.Collect$$libinit$$0000000E)
    __rt_lib_shutdown                        0x0800015d   Thumb Code     0  libshutdown.o(.ARM.Collect$$libshutdown$$00000000)
    __rt_lib_shutdown_cpp_1                  0x0800015f   Thumb Code     0  libshutdown2.o(.ARM.Collect$$libshutdown$$00000002)
    __rt_lib_shutdown_fp_trap_1              0x0800015f   Thumb Code     0  libshutdown2.o(.ARM.Collect$$libshutdown$$00000007)
    __rt_lib_shutdown_heap_1                 0x0800015f   Thumb Code     0  libshutdown2.o(.ARM.Collect$$libshutdown$$0000000F)
    __rt_lib_shutdown_return                 0x0800015f   Thumb Code     0  libshutdown2.o(.ARM.Collect$$libshutdown$$00000010)
    __rt_lib_shutdown_signal_1               0x0800015f   Thumb Code     0  libshutdown2.o(.ARM.Collect$$libshutdown$$0000000A)
    __rt_lib_shutdown_stdio_1                0x0800015f   Thumb Code     0  libshutdown2.o(.ARM.Collect$$libshutdown$$00000004)
    __rt_lib_shutdown_user_alloc_1           0x0800015f   Thumb Code     0  libshutdown2.o(.ARM.Collect$$libshutdown$$0000000C)
    __rt_entry                               0x08000161   Thumb Code     0  __rtentry.o(.ARM.Collect$$rtentry$$00000000)
    __rt_entry_presh_1                       0x08000161   Thumb Code     0  __rtentry2.o(.ARM.Collect$$rtentry$$00000002)
    __rt_entry_sh                            0x08000161   Thumb Code     0  __rtentry4.o(.ARM.Collect$$rtentry$$00000004)
    __rt_entry_li                            0x08000167   Thumb Code     0  __rtentry2.o(.ARM.Collect$$rtentry$$0000000A)
    __rt_entry_postsh_1                      0x08000167   Thumb Code     0  __rtentry2.o(.ARM.Collect$$rtentry$$00000009)
    __rt_entry_main                          0x0800016b   Thumb Code     0  __rtentry2.o(.ARM.Collect$$rtentry$$0000000D)
    __rt_entry_postli_1                      0x0800016b   Thumb Code     0  __rtentry2.o(.ARM.Collect$$rtentry$$0000000C)
    __rt_exit                                0x08000173   Thumb Code     0  rtexit.o(.ARM.Collect$$rtexit$$00000000)
    __rt_exit_ls                             0x08000175   Thumb Code     0  rtexit2.o(.ARM.Collect$$rtexit$$00000003)
    __rt_exit_prels_1                        0x08000175   Thumb Code     0  rtexit2.o(.ARM.Collect$$rtexit$$00000002)
    __rt_exit_exit                           0x08000179   Thumb Code     0  rtexit2.o(.ARM.Collect$$rtexit$$00000004)
    Reset_Handler                            0x08000181   Thumb Code     8  startup_py32f002bxx.o(.text)
    ADC_COMP_IRQHandler                      0x08000193   Thumb Code     0  startup_py32f002bxx.o(.text)
    EXTI0_1_IRQHandler                       0x08000193   Thumb Code     0  startup_py32f002bxx.o(.text)
    EXTI2_3_IRQHandler                       0x08000193   Thumb Code     0  startup_py32f002bxx.o(.text)
    EXTI4_15_IRQHandler                      0x08000193   Thumb Code     0  startup_py32f002bxx.o(.text)
    FLASH_IRQHandler                         0x08000193   Thumb Code     0  startup_py32f002bxx.o(.text)
    I2C1_IRQHandler                          0x08000193   Thumb Code     0  startup_py32f002bxx.o(.text)
    LPTIM1_IRQHandler                        0x08000193   Thumb Code     0  startup_py32f002bxx.o(.text)
    RCC_IRQHandler                           0x08000193   Thumb Code     0  startup_py32f002bxx.o(.text)
    SPI1_IRQHandler                          0x08000193   Thumb Code     0  startup_py32f002bxx.o(.text)
    TIM14_IRQHandler                         0x08000193   Thumb Code     0  startup_py32f002bxx.o(.text)
    TIM1_BRK_UP_TRG_COM_IRQHandler           0x08000193   Thumb Code     0  startup_py32f002bxx.o(.text)
    TIM1_CC_IRQHandler                       0x08000193   Thumb Code     0  startup_py32f002bxx.o(.text)
    USART1_IRQHandler                        0x08000193   Thumb Code     0  startup_py32f002bxx.o(.text)
    __user_initial_stackheap                 0x08000195   Thumb Code     0  startup_py32f002bxx.o(.text)
    __aeabi_uidiv                            0x080001b5   Thumb Code     0  aeabi_sdiv.o(.text)
    __aeabi_uidivmod                         0x080001b5   Thumb Code    20  aeabi_sdiv.o(.text)
    __aeabi_idiv                             0x080001c9   Thumb Code     0  aeabi_sdiv.o(.text)
    __aeabi_idivmod                          0x080001c9   Thumb Code   338  aeabi_sdiv.o(.text)
    __use_two_region_memory                  0x08000321   Thumb Code     2  heapauxi.o(.text)
    __rt_heap_escrow$2region                 0x08000323   Thumb Code     2  heapauxi.o(.text)
    __rt_heap_expand$2region                 0x08000325   Thumb Code     2  heapauxi.o(.text)
    __user_libspace                          0x08000329   Thumb Code     8  libspace.o(.text)
    __user_perproc_libspace                  0x08000329   Thumb Code     0  libspace.o(.text)
    __user_perthread_libspace                0x08000329   Thumb Code     0  libspace.o(.text)
    __user_setup_stackheap                   0x08000331   Thumb Code    62  sys_stackheap_outer.o(.text)
    exit                                     0x0800036f   Thumb Code    16  exit.o(.text)
    _sys_exit                                0x08000381   Thumb Code     8  sys_exit.o(.text)
    __I$use$semihosting                      0x0800038d   Thumb Code     0  use_no_semi.o(.text)
    __use_no_semihosting_swi                 0x0800038d   Thumb Code     2  use_no_semi.o(.text)
    __semihosting_library_function           0x0800038f   Thumb Code     0  indicate_semi.o(.text)
    HAL_GPIO_Init                            0x080003b9   Thumb Code   644  py32f002b_hal_gpio.o(.text.HAL_GPIO_Init)
    HAL_GPIO_WritePin                        0x08000655   Thumb Code    44  py32f002b_hal_gpio.o(.text.HAL_GPIO_WritePin)
    HAL_IncTick                              0x08000681   Thumb Code    16  py32f002b_hal.o(.text.HAL_IncTick)
    HAL_Init                                 0x08000695   Thumb Code    44  py32f002b_hal.o(.text.HAL_Init)
    HAL_InitTick                             0x080006c1   Thumb Code   120  py32f002b_hal.o(.text.HAL_InitTick)
    HAL_MspInit                              0x08000745   Thumb Code    52  py32f002b_hal_msp.o(.text.HAL_MspInit)
    HAL_NVIC_SetPriority                     0x08000781   Thumb Code    28  py32f002b_hal_cortex.o(.text.HAL_NVIC_SetPriority)
    HAL_SYSTICK_Config                       0x0800079d   Thumb Code    16  py32f002b_hal_cortex.o(.text.HAL_SYSTICK_Config)
    HardFault_Handler                        0x080007ad   Thumb Code     4  py32f002b_it.o(.text.HardFault_Handler)
    NMI_Handler                              0x080007b1   Thumb Code     2  py32f002b_it.o(.text.NMI_Handler)
    OLED_Clear                               0x08000839   Thumb Code    84  oled.o(.text.OLED_Clear)
    OLED_ClearArea                           0x0800088d   Thumb Code   200  oled.o(.text.OLED_ClearArea)
    OLED_GPIO_Init                           0x08000959   Thumb Code   212  oled.o(.text.OLED_GPIO_Init)
    OLED_Init                                0x08000a35   Thumb Code   154  oled.o(.text.OLED_Init)
    OLED_Pow                                 0x08000acf   Thumb Code    40  oled.o(.text.OLED_Pow)
    OLED_SPI_SendByte                        0x08000af7   Thumb Code    72  oled.o(.text.OLED_SPI_SendByte)
    OLED_SetCursor                           0x08000b3f   Thumb Code    54  oled.o(.text.OLED_SetCursor)
    OLED_ShowChar                            0x08000b75   Thumb Code   116  oled.o(.text.OLED_ShowChar)
    OLED_ShowImage                           0x08000bf5   Thumb Code   428  oled.o(.text.OLED_ShowImage)
    OLED_ShowNum                             0x08000da1   Thumb Code   144  oled.o(.text.OLED_ShowNum)
    OLED_Update                              0x08000e31   Thumb Code    68  oled.o(.text.OLED_Update)
    OLED_W_CS                                0x08000e79   Thumb Code    26  oled.o(.text.OLED_W_CS)
    OLED_W_D0                                0x08000e93   Thumb Code    26  oled.o(.text.OLED_W_D0)
    OLED_W_D1                                0x08000ead   Thumb Code    24  oled.o(.text.OLED_W_D1)
    OLED_W_DC                                0x08000ec9   Thumb Code    26  oled.o(.text.OLED_W_DC)
    OLED_W_RES                               0x08000ee3   Thumb Code    26  oled.o(.text.OLED_W_RES)
    OLED_WriteCommand                        0x08000efd   Thumb Code    42  oled.o(.text.OLED_WriteCommand)
    OLED_WriteData                           0x08000f27   Thumb Code    80  oled.o(.text.OLED_WriteData)
    PendSV_Handler                           0x08000f77   Thumb Code     2  py32f002b_it.o(.text.PendSV_Handler)
    SVC_Handler                              0x08000f79   Thumb Code     2  py32f002b_it.o(.text.SVC_Handler)
    SysTick_Handler                          0x08000fcd   Thumb Code     8  py32f002b_it.o(.text.SysTick_Handler)
    SystemInit                               0x08000fd5   Thumb Code    52  system_py32f002b.o(.text.SystemInit)
    main                                     0x08001021   Thumb Code    44  main.o(.text.main)
    OLED_F6x8                                0x0800104c   Data         570  oled_data.o(.rodata.OLED_F6x8)
    OLED_F8x16                               0x08001286   Data        1520  oled_data.o(.rodata.OLED_F8x16)
    Region$$Table$$Base                      0x08001878   Number         0  anon$$obj.o(Region$$Table)
    Region$$Table$$Limit                     0x08001898   Number         0  anon$$obj.o(Region$$Table)
    SystemCoreClock                          0x20000000   Data           4  system_py32f002b.o(.data.SystemCoreClock)
    uwTickFreq                               0x20000004   Data           4  py32f002b_hal.o(.data.uwTickFreq)
    uwTickPrio                               0x20000008   Data           4  py32f002b_hal.o(.data.uwTickPrio)
    __libspace_start                         0x20000010   Data          96  libspace.o(.bss)
    OLED_DisplayBuf                          0x20000070   Data        1024  oled.o(.bss.OLED_DisplayBuf)
    __temporary_stack_top$libspace           0x20000070   Data           0  libspace.o(.bss)
    uwTick                                   0x20000470   Data           4  py32f002b_hal.o(.bss.uwTick)



==============================================================================

Memory Map of the image

  Image Entry point : 0x08000181

  Load Region LR_1 (Base: 0x08000000, Size: 0x000018a4, Max: 0xffffffff, ABSOLUTE)

    Execution Region ER_RO (Exec base: 0x08000000, Load base: 0x08000000, Size: 0x00001898, Max: 0xffffffff, ABSOLUTE)

    Exec Addr    Load Addr    Size         Type   Attr      Idx    E Section Name        Object

    0x08000000   0x08000000   0x000000c0   Data   RO            3    RESET               startup_py32f002bxx.o
    0x080000c0   0x080000c0   0x00000008   Code   RO          775  * !!!main             c_p.l(__main.o)
    0x080000c8   0x080000c8   0x00000054   Code   RO         1218    !!!scatter          c_p.l(__scatter.o)
    0x0800011c   0x0800011c   0x0000001a   Code   RO         1222    !!handler_copy      c_p.l(__scatter_copy.o)
    0x08000136   0x08000136   0x00000002   PAD
    0x08000138   0x08000138   0x00000002   Code   RO         1219    !!handler_null      c_p.l(__scatter.o)
    0x0800013a   0x0800013a   0x00000002   PAD
    0x0800013c   0x0800013c   0x0000001c   Code   RO         1224    !!handler_zi        c_p.l(__scatter_zi.o)
    0x08000158   0x08000158   0x00000002   Code   RO         1065    .ARM.Collect$$libinit$$00000000  c_p.l(libinit.o)
    0x0800015a   0x0800015a   0x00000000   Code   RO         1089    .ARM.Collect$$libinit$$00000002  c_p.l(libinit2.o)
    0x0800015a   0x0800015a   0x00000000   Code   RO         1091    .ARM.Collect$$libinit$$00000004  c_p.l(libinit2.o)
    0x0800015a   0x0800015a   0x00000000   Code   RO         1093    .ARM.Collect$$libinit$$00000006  c_p.l(libinit2.o)
    0x0800015a   0x0800015a   0x00000000   Code   RO         1096    .ARM.Collect$$libinit$$0000000C  c_p.l(libinit2.o)
    0x0800015a   0x0800015a   0x00000000   Code   RO         1098    .ARM.Collect$$libinit$$0000000E  c_p.l(libinit2.o)
    0x0800015a   0x0800015a   0x00000000   Code   RO         1100    .ARM.Collect$$libinit$$00000010  c_p.l(libinit2.o)
    0x0800015a   0x0800015a   0x00000000   Code   RO         1103    .ARM.Collect$$libinit$$00000013  c_p.l(libinit2.o)
    0x0800015a   0x0800015a   0x00000000   Code   RO         1105    .ARM.Collect$$libinit$$00000015  c_p.l(libinit2.o)
    0x0800015a   0x0800015a   0x00000000   Code   RO         1107    .ARM.Collect$$libinit$$00000017  c_p.l(libinit2.o)
    0x0800015a   0x0800015a   0x00000000   Code   RO         1109    .ARM.Collect$$libinit$$00000019  c_p.l(libinit2.o)
    0x0800015a   0x0800015a   0x00000000   Code   RO         1111    .ARM.Collect$$libinit$$0000001B  c_p.l(libinit2.o)
    0x0800015a   0x0800015a   0x00000000   Code   RO         1113    .ARM.Collect$$libinit$$0000001D  c_p.l(libinit2.o)
    0x0800015a   0x0800015a   0x00000000   Code   RO         1115    .ARM.Collect$$libinit$$0000001F  c_p.l(libinit2.o)
    0x0800015a   0x0800015a   0x00000000   Code   RO         1117    .ARM.Collect$$libinit$$00000021  c_p.l(libinit2.o)
    0x0800015a   0x0800015a   0x00000000   Code   RO         1119    .ARM.Collect$$libinit$$00000023  c_p.l(libinit2.o)
    0x0800015a   0x0800015a   0x00000000   Code   RO         1121    .ARM.Collect$$libinit$$00000025  c_p.l(libinit2.o)
    0x0800015a   0x0800015a   0x00000000   Code   RO         1123    .ARM.Collect$$libinit$$00000027  c_p.l(libinit2.o)
    0x0800015a   0x0800015a   0x00000000   Code   RO         1127    .ARM.Collect$$libinit$$0000002E  c_p.l(libinit2.o)
    0x0800015a   0x0800015a   0x00000000   Code   RO         1129    .ARM.Collect$$libinit$$00000030  c_p.l(libinit2.o)
    0x0800015a   0x0800015a   0x00000000   Code   RO         1131    .ARM.Collect$$libinit$$00000032  c_p.l(libinit2.o)
    0x0800015a   0x0800015a   0x00000000   Code   RO         1133    .ARM.Collect$$libinit$$00000034  c_p.l(libinit2.o)
    0x0800015a   0x0800015a   0x00000002   Code   RO         1134    .ARM.Collect$$libinit$$00000035  c_p.l(libinit2.o)
    0x0800015c   0x0800015c   0x00000002   Code   RO         1173    .ARM.Collect$$libshutdown$$00000000  c_p.l(libshutdown.o)
    0x0800015e   0x0800015e   0x00000000   Code   RO         1201    .ARM.Collect$$libshutdown$$00000002  c_p.l(libshutdown2.o)
    0x0800015e   0x0800015e   0x00000000   Code   RO         1203    .ARM.Collect$$libshutdown$$00000004  c_p.l(libshutdown2.o)
    0x0800015e   0x0800015e   0x00000000   Code   RO         1206    .ARM.Collect$$libshutdown$$00000007  c_p.l(libshutdown2.o)
    0x0800015e   0x0800015e   0x00000000   Code   RO         1209    .ARM.Collect$$libshutdown$$0000000A  c_p.l(libshutdown2.o)
    0x0800015e   0x0800015e   0x00000000   Code   RO         1211    .ARM.Collect$$libshutdown$$0000000C  c_p.l(libshutdown2.o)
    0x0800015e   0x0800015e   0x00000000   Code   RO         1214    .ARM.Collect$$libshutdown$$0000000F  c_p.l(libshutdown2.o)
    0x0800015e   0x0800015e   0x00000002   Code   RO         1215    .ARM.Collect$$libshutdown$$00000010  c_p.l(libshutdown2.o)
    0x08000160   0x08000160   0x00000000   Code   RO          830    .ARM.Collect$$rtentry$$00000000  c_p.l(__rtentry.o)
    0x08000160   0x08000160   0x00000000   Code   RO          974    .ARM.Collect$$rtentry$$00000002  c_p.l(__rtentry2.o)
    0x08000160   0x08000160   0x00000006   Code   RO          986    .ARM.Collect$$rtentry$$00000004  c_p.l(__rtentry4.o)
    0x08000166   0x08000166   0x00000000   Code   RO          976    .ARM.Collect$$rtentry$$00000009  c_p.l(__rtentry2.o)
    0x08000166   0x08000166   0x00000004   Code   RO          977    .ARM.Collect$$rtentry$$0000000A  c_p.l(__rtentry2.o)
    0x0800016a   0x0800016a   0x00000000   Code   RO          979    .ARM.Collect$$rtentry$$0000000C  c_p.l(__rtentry2.o)
    0x0800016a   0x0800016a   0x00000008   Code   RO          980    .ARM.Collect$$rtentry$$0000000D  c_p.l(__rtentry2.o)
    0x08000172   0x08000172   0x00000002   Code   RO         1075    .ARM.Collect$$rtexit$$00000000  c_p.l(rtexit.o)
    0x08000174   0x08000174   0x00000000   Code   RO         1142    .ARM.Collect$$rtexit$$00000002  c_p.l(rtexit2.o)
    0x08000174   0x08000174   0x00000004   Code   RO         1143    .ARM.Collect$$rtexit$$00000003  c_p.l(rtexit2.o)
    0x08000178   0x08000178   0x00000006   Code   RO         1144    .ARM.Collect$$rtexit$$00000004  c_p.l(rtexit2.o)
    0x0800017e   0x0800017e   0x00000002   PAD
    0x08000180   0x08000180   0x00000034   Code   RO            4  * .text               startup_py32f002bxx.o
    0x080001b4   0x080001b4   0x0000016c   Code   RO          769    .text               c_p.l(aeabi_sdiv.o)
    0x08000320   0x08000320   0x00000006   Code   RO          773    .text               c_p.l(heapauxi.o)
    0x08000326   0x08000326   0x00000002   PAD
    0x08000328   0x08000328   0x00000008   Code   RO         1027    .text               c_p.l(libspace.o)
    0x08000330   0x08000330   0x0000003e   Code   RO         1030    .text               c_p.l(sys_stackheap_outer.o)
    0x0800036e   0x0800036e   0x00000010   Code   RO         1054    .text               c_p.l(exit.o)
    0x0800037e   0x0800037e   0x00000002   PAD
    0x08000380   0x08000380   0x0000000c   Code   RO         1137    .text               c_p.l(sys_exit.o)
    0x0800038c   0x0800038c   0x00000002   Code   RO         1162    .text               c_p.l(use_no_semi.o)
    0x0800038e   0x0800038e   0x00000000   Code   RO         1164    .text               c_p.l(indicate_semi.o)
    0x0800038e   0x0800038e   0x00000002   PAD
    0x08000390   0x08000390   0x00000028   Code   RO           15    .text.DelayTime     system_py32f002b.o
    0x080003b8   0x080003b8   0x0000029c   Code   RO          312    .text.HAL_GPIO_Init  py32f002b_hal_gpio.o
    0x08000654   0x08000654   0x0000002c   Code   RO          318    .text.HAL_GPIO_WritePin  py32f002b_hal_gpio.o
    0x08000680   0x08000680   0x00000014   Code   RO          203    .text.HAL_IncTick   py32f002b_hal.o
    0x08000694   0x08000694   0x0000002c   Code   RO          193    .text.HAL_Init      py32f002b_hal.o
    0x080006c0   0x080006c0   0x00000084   Code   RO          195    .text.HAL_InitTick  py32f002b_hal.o
    0x08000744   0x08000744   0x0000003c   Code   RO           45    .text.HAL_MspInit   py32f002b_hal_msp.o
    0x08000780   0x08000780   0x0000001c   Code   RO          263    .text.HAL_NVIC_SetPriority  py32f002b_hal_cortex.o
    0x0800079c   0x0800079c   0x00000010   Code   RO          279    .text.HAL_SYSTICK_Config  py32f002b_hal_cortex.o
    0x080007ac   0x080007ac   0x00000004   Code   RO           30    .text.HardFault_Handler  py32f002b_it.o
    0x080007b0   0x080007b0   0x00000002   Code   RO           28    .text.NMI_Handler   py32f002b_it.o
    0x080007b2   0x080007b2   0x00000002   PAD
    0x080007b4   0x080007b4   0x00000084   Code   RO          265    .text.NVIC_SetPriority  py32f002b_hal_cortex.o
    0x08000838   0x08000838   0x00000054   Code   RO          119    .text.OLED_Clear    oled.o
    0x0800088c   0x0800088c   0x000000cc   Code   RO          133    .text.OLED_ClearArea  oled.o
    0x08000958   0x08000958   0x000000dc   Code   RO          109    .text.OLED_GPIO_Init  oled.o
    0x08000a34   0x08000a34   0x0000009a   Code   RO          117    .text.OLED_Init     oled.o
    0x08000ace   0x08000ace   0x00000028   Code   RO          125    .text.OLED_Pow      oled.o
    0x08000af6   0x08000af6   0x00000048   Code   RO          111    .text.OLED_SPI_SendByte  oled.o
    0x08000b3e   0x08000b3e   0x00000036   Code   RO          123    .text.OLED_SetCursor  oled.o
    0x08000b74   0x08000b74   0x00000080   Code   RO          139    .text.OLED_ShowChar  oled.o
    0x08000bf4   0x08000bf4   0x000001ac   Code   RO          141    .text.OLED_ShowImage  oled.o
    0x08000da0   0x08000da0   0x00000090   Code   RO          145    .text.OLED_ShowNum  oled.o
    0x08000e30   0x08000e30   0x00000048   Code   RO          121    .text.OLED_Update   oled.o
    0x08000e78   0x08000e78   0x0000001a   Code   RO          107    .text.OLED_W_CS     oled.o
    0x08000e92   0x08000e92   0x0000001a   Code   RO           99    .text.OLED_W_D0     oled.o
    0x08000eac   0x08000eac   0x0000001c   Code   RO          101    .text.OLED_W_D1     oled.o
    0x08000ec8   0x08000ec8   0x0000001a   Code   RO          105    .text.OLED_W_DC     oled.o
    0x08000ee2   0x08000ee2   0x0000001a   Code   RO          103    .text.OLED_W_RES    oled.o
    0x08000efc   0x08000efc   0x0000002a   Code   RO          113    .text.OLED_WriteCommand  oled.o
    0x08000f26   0x08000f26   0x00000050   Code   RO          115    .text.OLED_WriteData  oled.o
    0x08000f76   0x08000f76   0x00000002   Code   RO           34    .text.PendSV_Handler  py32f002b_it.o
    0x08000f78   0x08000f78   0x00000002   Code   RO           32    .text.SVC_Handler   py32f002b_it.o
    0x08000f7a   0x08000f7a   0x00000002   PAD
    0x08000f7c   0x08000f7c   0x00000050   Code   RO          281    .text.SysTick_Config  py32f002b_hal_cortex.o
    0x08000fcc   0x08000fcc   0x00000008   Code   RO           36    .text.SysTick_Handler  py32f002b_it.o
    0x08000fd4   0x08000fd4   0x0000004c   Code   RO           13    .text.SystemInit    system_py32f002b.o
    0x08001020   0x08001020   0x0000002c   Code   RO           53    .text.main          main.o
    0x0800104c   0x0800104c   0x0000023a   Data   RO          185    .rodata.OLED_F6x8   oled_data.o
    0x08001286   0x08001286   0x000005f0   Data   RO          184    .rodata.OLED_F8x16  oled_data.o
    0x08001876   0x08001876   0x00000002   PAD
    0x08001878   0x08001878   0x00000020   Data   RO         1217    Region$$Table       anon$$obj.o


    Execution Region ER_RW (Exec base: 0x20000000, Load base: 0x08001898, Size: 0x0000000c, Max: 0xffffffff, ABSOLUTE)

    Exec Addr    Load Addr    Size         Type   Attr      Idx    E Section Name        Object

    0x20000000   0x08001898   0x00000004   Data   RW           17    .data.SystemCoreClock  system_py32f002b.o
    0x20000004   0x0800189c   0x00000004   Data   RW          254    .data.uwTickFreq    py32f002b_hal.o
    0x20000008   0x080018a0   0x00000004   Data   RW          253    .data.uwTickPrio    py32f002b_hal.o


    Execution Region ER_ZI (Exec base: 0x20000010, Load base: 0x080018a4, Size: 0x00000868, Max: 0xffffffff, ABSOLUTE)

    Exec Addr    Load Addr    Size         Type   Attr      Idx    E Section Name        Object

    0x20000010        -       0x00000060   Zero   RW         1028    .bss                c_p.l(libspace.o)
    0x20000070        -       0x00000400   Zero   RW          175    .bss.OLED_DisplayBuf  oled.o
    0x20000470        -       0x00000004   Zero   RW          255    .bss.uwTick         py32f002b_hal.o
    0x20000474   0x080018a4   0x00000004   PAD
    0x20000478        -       0x00000000   Zero   RW            2    HEAP                startup_py32f002bxx.o
    0x20000478        -       0x00000400   Zero   RW            1    STACK               startup_py32f002bxx.o


==============================================================================

Image component sizes


      Code (inc. data)   RO Data    RW Data    ZI Data      Debug   Object Name

        44          0          0          0          0        372   main.o
      1854         32          0          0       1024      15960   oled.o
         0          0       2090          0          0        799   oled_data.o
       196         16          0          8          4       6310   py32f002b_hal.o
       256         20          0          0          0       4749   py32f002b_hal_cortex.o
       712         24          0          0          0       4107   py32f002b_hal_gpio.o
        60          8          0          0          0       1318   py32f002b_hal_msp.o
        18          0          0          0          0        676   py32f002b_it.o
        52         22        192          0       1024        696   startup_py32f002bxx.o
       116         28          0          4          0       2220   system_py32f002b.o

    ----------------------------------------------------------------------
      3312        150       2316         12       2056      37207   Object Totals
         0          0         32          0          0          0   (incl. Generated)
         4          0          2          0          4          0   (incl. Padding)

    ----------------------------------------------------------------------

      Code (inc. data)   RO Data    RW Data    ZI Data      Debug   Library Member Name

         8          0          0          0          0         68   __main.o
         0          0          0          0          0          0   __rtentry.o
        12          0          0          0          0          0   __rtentry2.o
         6          0          0          0          0          0   __rtentry4.o
        86         10          0          0          0          0   __scatter.o
        26          0          0          0          0          0   __scatter_copy.o
        28          0          0          0          0          0   __scatter_zi.o
       364          4          0          0          0         92   aeabi_sdiv.o
        16          0          0          0          0         68   exit.o
         6          0          0          0          0        136   heapauxi.o
         0          0          0          0          0          0   indicate_semi.o
         2          0          0          0          0          0   libinit.o
         2          0          0          0          0          0   libinit2.o
         2          0          0          0          0          0   libshutdown.o
         2          0          0          0          0          0   libshutdown2.o
         8          4          0          0         96         68   libspace.o
         2          0          0          0          0          0   rtexit.o
        10          0          0          0          0          0   rtexit2.o
        12          4          0          0          0         60   sys_exit.o
        62          0          0          0          0         80   sys_stackheap_outer.o
         2          0          0          0          0         68   use_no_semi.o

    ----------------------------------------------------------------------
       668         22          0          0         96        640   Library Totals
        12          0          0          0          0          0   (incl. Padding)

    ----------------------------------------------------------------------

      Code (inc. data)   RO Data    RW Data    ZI Data      Debug   Library Name

       656         22          0          0         96        640   c_p.l

    ----------------------------------------------------------------------
       668         22          0          0         96        640   Library Totals

    ----------------------------------------------------------------------

==============================================================================


      Code (inc. data)   RO Data    RW Data    ZI Data      Debug   

      3980        172       2316         12       2152      37631   Grand Totals
      3980        172       2316         12       2152      37631   ELF Image Totals
      3980        172       2316         12          0          0   ROM Totals

==============================================================================

    Total RO  Size (Code + RO Data)                 6296 (   6.15kB)
    Total RW  Size (RW Data + ZI Data)              2164 (   2.11kB)
    Total ROM Size (Code + RO Data + RW Data)       6308 (   6.16kB)

==============================================================================

